
======================================================================
stage=train
env  PROTOCOL_NAME=four_client_2h_6point_high_wind_spring_noft_protocol PROTOCOL_DATA_DIR=/tmp/wpf-worktrees/restore-raw-data-83688a3/WPF-under-extreme-weather-main/protocol_data/high_wind_spring_noft_four_client PROTOCOL_METADATA_PATH=/tmp/wpf-worktrees/restore-raw-data-83688a3/WPF-under-extreme-weather-main/protocol_data/high_wind_spring_noft_four_client/protocol_metadata.json SAMPLE_INTERVAL_HOURS=2 DOWNSAMPLE_OFFSET=1 LEN_REALP=6 POINTS_PER_DAY=12 PHASE_AUGMENT_STATIONS=1 PHASE_AUGMENT_COMPLEMENTARY_OFFSET=0 ARTIFACT_DIR=artifacts/high_wind_spring_noft_four_client/ablation-original-local-ft-sweep-500 MODEL_OUTPUT_DIR=artifacts/high_wind_spring_noft_four_client/ablation-original-local-ft-sweep-500/models BASE_MODEL_OUTPUT_DIR=artifacts/high_wind_spring_noft_four_client/pilot-1k/models TARGET_AWARE_BASE_MODEL_OUTPUT_DIR=artifacts/high_wind_spring_noft_four_client/ablation-original-local-ft-sweep-500/models TARGET_AWARE_SELECTIVE_FED_BASE_MODEL_OUTPUT_DIR=artifacts/high_wind_spring_noft_four_client/ablation-original-local-ft-sweep-500/models LOCAL_PRETRAIN_INIT_MODEL_DIR= LOCAL_META_INIT_MODEL_DIR= TARGET_AWARE_PRETRAIN_INIT_MODEL_DIR= TARGET_AWARE_META_INIT_MODEL_DIR= TARGET_AWARE_SELECTIVE_FED_META_INIT_MODEL_DIR= LOCAL_PRETRAIN_EPOCH_OFFSET=0 LOCAL_META_EPOCH_OFFSET=0 TARGET_AWARE_PRETRAIN_EPOCH_OFFSET=0 TARGET_AWARE_META_EPOCH_OFFSET=0 TARGET_AWARE_SELECTIVE_FED_META_EPOCH_OFFSET=0 LOGS_TRAIN_DIR=artifacts/high_wind_spring_noft_four_client/ablation-original-local-ft-sweep-500/logs_train CONVERGENCE_REPORT_PATH=artifacts/high_wind_spring_noft_four_client/ablation-original-local-ft-sweep-500/training_convergence_report.json ALL_STATIONS_TEST_RESULTS_PATH=artifacts/high_wind_spring_noft_four_client/ablation-original-local-ft-sweep-500/all_stations_test_results.mat RESULTS_OUTPUT_PATH=artifacts/high_wind_spring_noft_four_client/ablation-original-local-ft-sweep-500/results/multi_station_performance.csv TASK_RESULTS_OUTPUT_PATH=artifacts/high_wind_spring_noft_four_client/ablation-original-local-ft-sweep-500/results/multi_station_performance_task_level.csv YEARLY_PROTOCOL_ENABLED=1 SEASONAL_PROTOCOL_ENABLED=0 YEARLY_PROTOCOL_METADATA_PATH=/tmp/wpf-worktrees/restore-raw-data-83688a3/WPF-under-extreme-weather-main/protocol_data/high_wind_spring_noft_four_client/protocol_metadata.json HIGH_TEMP_ONLY_SUMMER_PROTOCOL=0 HIGH_WIND_SPRING_NOFT_PROTOCOL=1 HIGH_WIND_NORMAL_TRAIN_START=2022-04-01T00:00:00+00:00 HIGH_WIND_NORMAL_TRAIN_END=2022-04-29T16:00:00+00:00 USE_FEDERATION=1 RUN_FEDERATED_PRETRAIN=0 FED_PRETRAIN_ALGO=fedsgd FEDAVG_LOCAL_EPOCHS=1 FEDAVG_CLIENT_WEIGHTING=uniform FEDAVG_LR=0.0002 TRAIN_META_ONLY_BASELINE=0 TRAIN_PRETRAIN_ONLY=0 SKIP_LOCAL_PRETRAIN=1 SKIP_LOCAL_META=1 ENABLE_FEDTL_FT=0 ENABLE_FED_NORMAL_META_PROPOSED=0 FED_NORMAL_META_SELF_FLOOR=0.3 SKIP_FED_NORMAL_META=1 FED_NORMAL_META_RESTORE_BEST=0 FED_NORMAL_META_SAVE_BEST=0 FED_NORMAL_META_USE_BEST=0 ENABLE_SELECTIVE_FED_NORMAL_META=0 SELECTIVE_FED_META_PROXY_RATIO=0.2 SELECTIVE_FED_META_SELF_FLOOR=0.5 SELECTIVE_FED_META_GAIN_MARGIN=0.0 SELECTIVE_FED_META_GAIN_GAMMA=1.0 HWA_PRETRAIN_LOSS=0 HWA_META_LOSS=0 HWA_SELECTIVE_PROXY_LOSS=0 HWA_WIND_FEATURE_INDEX=0 HWA_WIND_THRESHOLD=10.0 HWA_WIND_RAMP_END=13.9 HWA_HIGH_WIND_WEIGHT=4.0 HWA_PRETRAIN_WINDOWED=0 ENABLE_TARGET_AWARE_META_NOFT=0 SKIP_TARGET_AWARE_PRETRAIN=0 SKIP_TARGET_AWARE_META=0 ENABLE_TARGET_AWARE_SELECTIVE_FED_META=0 SKIP_TARGET_AWARE_SELECTIVE_FED_META=0 ENABLE_TARGET_AWARE_SELECTIVE_FED_LOCAL_FT=0 ENABLE_LEGACY_LOCAL_FT=1 ENABLE_TARGET_AWARE_META_BIAS_CAL=0 ENABLE_TARGET_AWARE_SELECTIVE_FED_BIAS_CAL=0 SKIP_LEGACY_EXTREME_ADAPTATION=0 TARGET_AWARE_PRETRAIN_HWA_LOSS=1 TARGET_AWARE_META_CDRM_WEIGHT=0.0 TARGET_AWARE_META_SIM_FLOOR=0.05 TARGET_AWARE_META_TASK_WEIGHT_ETA=1.0 TARGET_AWARE_META_WIND_MEAN_THRESHOLD=13.9 TARGET_AWARE_META_WIND_MAX_THRESHOLD=17.2 TARGET_AWARE_META_MIN_EXTREME_POINTS=3 TARGET_AWARE_SELECTIVE_FED_TOP_K=1 TARGET_AWARE_SELECTIVE_FED_SELF_FLOOR=0.7 TARGET_AWARE_SELECTIVE_FED_SOURCE_ALPHA_CAP=0.3 TARGET_AWARE_SELECTIVE_FED_ALPHA_GRID= TARGET_AWARE_SELECTIVE_FED_GAIN_MARGIN=0.0 TARGET_AWARE_SELECTIVE_FED_GAIN_GAMMA=1.0 TARGET_AWARE_SELECTIVE_FED_PROXY_NORMAL_MAX_WINDOWS=8 TARGET_AWARE_SELECTIVE_FED_PROXY_EXTREME_WEIGHT=2.0 TARGET_AWARE_SELECTIVE_FED_PROXY_NORMAL_WEIGHT=1.0 TARGET_AWARE_SELECTIVE_FED_BIAS_CAL_MIN=0.0 TARGET_AWARE_SELECTIVE_FED_BIAS_CAL_MAX=0.15 GLOBAL_SEED=1029 META_TASKS_PER_EPOCH=2 META_SUPPORT_SHOTS=4 META_QUERY_SHOTS=4 EVAL_MODEL_SET=baseline-triplet SKIP_EXTREME_ADAPTATION_STAGE=0 PROPOSED_META_SAMPLER_MODE=balanced PRETRAIN_EPOCHS=1000 PROPOSED_META_EPOCHS=1000 META_ONLY_META_EPOCHS=1000 FEW_SHOT_EPOCHS=500 FEW_SHOT_LR=5e-5 ENABLE_FT_SWEEP=1 FT_SWEEP_EPOCHS=0,1,2,5,10,20,30,50,75,100,150,200,300,400,500 FT_SWEEP_OUTPUT_PATH=artifacts/high_wind_spring_noft_four_client/ablation-original-local-ft-sweep-500/ft_sweep_original_local_500.csv FT_SWEEP_SAVE_CHECKPOINTS=1 FT_SWEEP_EVAL_TEST=1 EXTREME_TARGET_REFINEMENT_EPOCHS=5 EXTREME_SUPPORT_WINDOW_CAP=0 EXTREME_TARGET_ADAPT_MAX_WINDOWS=0 EXTREME_FORCE_LOCAL_FALLBACK_BY_CLASS=1 PRETRAIN_LOG_INTERVAL=50 META_LOG_INTERVAL=50 FEW_SHOT_LOG_INTERVAL=10
exec /root/miniconda3/bin/python -u DemoModelTraining.py
======================================================================

libgomp: Invalid value for environment variable OMP_NUM_THREADS
======================================================================
数据协议配置
======================================================================
  protocol_name: four_client_2h_6point_high_wind_spring_noft_protocol
  protocol_data_dir: /tmp/wpf-worktrees/restore-raw-data-83688a3/WPF-under-extreme-weather-main/protocol_data/high_wind_spring_noft_four_client
  protocol_metadata_path: /tmp/wpf-worktrees/restore-raw-data-83688a3/WPF-under-extreme-weather-main/protocol_data/high_wind_spring_noft_four_client/protocol_metadata.json
  yearly_protocol_enabled: True
  seasonal_protocol_enabled: False
  sample_interval_hours: 2
  downsample_offset: 1
  len_realp: 6
  points_per_day: 12
  window_span_hours: 12
  artifact_dir: artifacts/high_wind_spring_noft_four_client/ablation-original-local-ft-sweep-500
  model_output_dir: artifacts/high_wind_spring_noft_four_client/ablation-original-local-ft-sweep-500/models
  base_model_output_dir: artifacts/high_wind_spring_noft_four_client/pilot-1k/models
  target_aware_base_model_output_dir: artifacts/high_wind_spring_noft_four_client/ablation-original-local-ft-sweep-500/models
  target_aware_selective_fed_base_model_output_dir: artifacts/high_wind_spring_noft_four_client/ablation-original-local-ft-sweep-500/models
  local_pretrain_init_model_dir: (none)
  local_meta_init_model_dir: (none)
  target_aware_pretrain_init_model_dir: (none)
  target_aware_meta_init_model_dir: (none)
  target_aware_selective_fed_meta_init_model_dir: (none)
  local_pretrain_epoch_offset: 0
  local_meta_epoch_offset: 0
  target_aware_pretrain_epoch_offset: 0
  target_aware_meta_epoch_offset: 0
  target_aware_selective_fed_meta_epoch_offset: 0
  logs_train_dir: artifacts/high_wind_spring_noft_four_client/ablation-original-local-ft-sweep-500/logs_train
  train_pretrain_only: False
  run_federated_pretrain: False
  fed_pretrain_algo: fedsgd
  fedavg_local_epochs: 1
  fedavg_client_weighting: uniform
  enable_fedtl_ft: False
  enable_ft_sweep: True
  ft_sweep_epochs: 0,1,2,5,10,20,30,50,75,100,150,200,300,400,500
  enable_fed_normal_meta_proposed: False
  fed_normal_meta_self_floor: 0.3
  skip_fed_normal_meta: True
  fed_normal_meta_restore_best: False
  fed_normal_meta_save_best: False
  fed_normal_meta_use_best: False
  enable_selective_fed_normal_meta: False
  selective_fed_meta_proxy_ratio: 0.2
  selective_fed_meta_self_floor: 0.5
  selective_fed_meta_gain_margin: 0.0
  selective_fed_meta_gain_gamma: 1.0
  hwa_pretrain_loss: False
  hwa_meta_loss: False
  hwa_selective_proxy_loss: False
  hwa_wind_feature_index: 0
  hwa_wind_threshold: 10.0
  hwa_wind_ramp_end: 13.9
  hwa_high_wind_weight: 4.0
  hwa_pretrain_windowed: False
  enable_target_aware_meta_noft: False
  skip_target_aware_pretrain: False
  skip_target_aware_meta: False
  enable_target_aware_selective_fed_meta: False
  skip_target_aware_selective_fed_meta: False
  enable_target_aware_selective_fed_local_ft: False
  skip_legacy_extreme_adaptation: False
  target_aware_pretrain_hwa_loss: True
  target_aware_meta_cdrm_weight: 0.0
  target_aware_meta_sim_floor: 0.05
  target_aware_meta_task_weight_eta: 1.0
  target_aware_meta_wind_mean_threshold: 13.9
  target_aware_meta_wind_max_threshold: 17.2
  target_aware_meta_min_extreme_points: 3
  target_aware_selective_fed_top_k: 1
  target_aware_selective_fed_self_floor: 0.7
  target_aware_selective_fed_source_alpha_cap: 0.3
  target_aware_selective_fed_alpha_grid: (auto)
  target_aware_selective_fed_gain_margin: 0.0
  target_aware_selective_fed_proxy_normal_max_windows: 8
  target_aware_selective_fed_proxy_extreme_weight: 2.0
  target_aware_selective_fed_proxy_normal_weight: 1.0
  global_seed: 1029
  skip_extreme_adaptation_stage: False
  few_shot_lr: 5e-05
======================================================================
联邦模式：加载4个场站数据（59, 60, 62, 63）
======================================================================
  加载 /tmp/wpf-worktrees/restore-raw-data-83688a3/WPF-under-extreme-weather-main/protocol_data/high_wind_spring_noft_four_client/59wf_4_train.mat...
  加载 /tmp/wpf-worktrees/restore-raw-data-83688a3/WPF-under-extreme-weather-main/protocol_data/high_wind_spring_noft_four_client/60wf_4_train.mat...
  加载 /tmp/wpf-worktrees/restore-raw-data-83688a3/WPF-under-extreme-weather-main/protocol_data/high_wind_spring_noft_four_client/62wf_4_train.mat...
  加载 /tmp/wpf-worktrees/restore-raw-data-83688a3/WPF-under-extreme-weather-main/protocol_data/high_wind_spring_noft_four_client/63wf_4_train.mat...

======================================================================
准备所有场站的完整数据（元训练+极端天气+测试集）
======================================================================

准备联邦客户端数据（常规天气）...
  处理场站 59...
    shape: (1, 318, 5) → (1, 318, 1)
  处理场站 60...
    shape: (1, 323, 5) → (1, 323, 1)
  处理场站 62...
    shape: (1, 319, 5) → (1, 319, 1)
  处理场站 63...
    shape: (1, 324, 5) → (1, 324, 1)
  总数据量: 1284 样本

准备所有场站的元训练和测试数据（4场站一视同仁）...

  场站 59:
    测试集2023: (2, 6, 1)
    聚类类别: 4类
    极端天气: 1类

  场站 60:
    测试集2023: (2, 6, 1)
    聚类类别: 4类
    极端天气: 1类

  场站 62:
    测试集2023: (2, 6, 1)
    聚类类别: 4类
    极端天气: 1类

  场站 63:
    测试集2023: (2, 6, 1)
    聚类类别: 4类
    极端天气: 1类

✓ 所有场站数据准备完成！
#########################################################################——————————本地预训练（Local Pre-train）——————————############################################################
场站数量: 4, 场站: 59, 60, 62, 63

======================================================================
开始本地预训练: station 59
======================================================================
✓ 跳过本地预训练，复用已有 checkpoint: artifacts/high_wind_spring_noft_four_client/pilot-1k/models/model_fore_pre_station59_local.pth

======================================================================
开始本地预训练: station 60
======================================================================
✓ 跳过本地预训练，复用已有 checkpoint: artifacts/high_wind_spring_noft_four_client/pilot-1k/models/model_fore_pre_station60_local.pth

======================================================================
开始本地预训练: station 62
======================================================================
✓ 跳过本地预训练，复用已有 checkpoint: artifacts/high_wind_spring_noft_four_client/pilot-1k/models/model_fore_pre_station62_local.pth

======================================================================
开始本地预训练: station 63
======================================================================
✓ 跳过本地预训练，复用已有 checkpoint: artifacts/high_wind_spring_noft_four_client/pilot-1k/models/model_fore_pre_station63_local.pth

======================================================================
开始本地元训练: station 59
======================================================================
✓ 跳过本地元训练，复用已有 checkpoint: artifacts/high_wind_spring_noft_four_client/pilot-1k/models/model_fore_train_task_query_local_meta_station59.pth

======================================================================
开始本地元训练: station 60
======================================================================
✓ 跳过本地元训练，复用已有 checkpoint: artifacts/high_wind_spring_noft_four_client/pilot-1k/models/model_fore_train_task_query_local_meta_station60.pth

======================================================================
开始本地元训练: station 62
======================================================================
✓ 跳过本地元训练，复用已有 checkpoint: artifacts/high_wind_spring_noft_four_client/pilot-1k/models/model_fore_train_task_query_local_meta_station62.pth

======================================================================
开始本地元训练: station 63
======================================================================
✓ 跳过本地元训练，复用已有 checkpoint: artifacts/high_wind_spring_noft_four_client/pilot-1k/models/model_fore_train_task_query_local_meta_station63.pth
##################################################################——————————test_task_support（Few-shot适应：共12个模型）——————————############################################################

======================================================================
场站 59 的Few-shot适应
======================================================================

  极端天气类别 1 (HighWind):
    样本数: 2
    训练轮数: 500, few-shot loss=MSE
    adapt/val: 1 / 1
      [LMT] [Epoch 1/500] [loss_mse: 0.190512] [anchor_loss: 0.000000]
      [LMT] [Epoch 2/500] [loss_mse: 0.214820] [anchor_loss: 0.000000]
      [LMT] [Epoch 3/500] [loss_mse: 0.225228] [anchor_loss: 0.000000]
      [LMT] [Epoch 4/500] [loss_mse: 0.212871] [anchor_loss: 0.000000]
      [LMT] [Epoch 5/500] [loss_mse: 0.191026] [anchor_loss: 0.000000]
      [LMT] [Epoch 6/500] [loss_mse: 0.180000] [anchor_loss: 0.000000]
      [LMT] [Epoch 7/500] [loss_mse: 0.200944] [anchor_loss: 0.000000]
      [LMT] [Epoch 8/500] [loss_mse: 0.208004] [anchor_loss: 0.000000]
      [LMT] [Epoch 9/500] [loss_mse: 0.186500] [anchor_loss: 0.000000]
      [LMT] [Epoch 10/500] [loss_mse: 0.224912] [anchor_loss: 0.000000]
  收敛检测[few_shot:lmt_station59_class0]: 首次达到收敛条件 @ epoch 11 (best_epoch=6, best_loss=0.180000, final_loss=0.224222)
      [LMT] [Epoch 20/500] [loss_mse: 0.182477] [anchor_loss: 0.000000]
  收敛检测[few_shot:lmt_station59_class0]: 首次达到收敛条件 @ epoch 28 (best_epoch=23, best_loss=0.169465, final_loss=0.193984)
      [LMT] [Epoch 30/500] [loss_mse: 0.170128] [anchor_loss: 0.000000]
      [LMT] [Epoch 40/500] [loss_mse: 0.148164] [anchor_loss: 0.000000]
  收敛检测[few_shot:lmt_station59_class0]: 首次达到收敛条件 @ epoch 50 (best_epoch=45, best_loss=0.147252, final_loss=0.169517)
      [LMT] [Epoch 50/500] [loss_mse: 0.169517] [anchor_loss: 0.000000]
      [LMT] [Epoch 60/500] [loss_mse: 0.205235] [anchor_loss: 0.000000]
  收敛检测[few_shot:lmt_station59_class0]: 首次达到收敛条件 @ epoch 63 (best_epoch=58, best_loss=0.141166, final_loss=0.182699)
      [LMT] [Epoch 70/500] [loss_mse: 0.169546] [anchor_loss: 0.000000]
  收敛检测[few_shot:lmt_station59_class0]: 首次达到收敛条件 @ epoch 74 (best_epoch=69, best_loss=0.137502, final_loss=0.172826)
      [LMT] [Epoch 80/500] [loss_mse: 0.215872] [anchor_loss: 0.000000]
      [LMT] [Epoch 90/500] [loss_mse: 0.163383] [anchor_loss: 0.000000]
      [LMT] [Epoch 100/500] [loss_mse: 0.141147] [anchor_loss: 0.000000]
  收敛检测[few_shot:lmt_station59_class0]: 首次达到收敛条件 @ epoch 109 (best_epoch=104, best_loss=0.110385, final_loss=0.150313)
      [LMT] [Epoch 110/500] [loss_mse: 0.131323] [anchor_loss: 0.000000]
      [LMT] [Epoch 120/500] [loss_mse: 0.156546] [anchor_loss: 0.000000]
      [LMT] [Epoch 130/500] [loss_mse: 0.161419] [anchor_loss: 0.000000]
      [LMT] [Epoch 140/500] [loss_mse: 0.136569] [anchor_loss: 0.000000]
      [LMT] [Epoch 150/500] [loss_mse: 0.153005] [anchor_loss: 0.000000]
      [LMT] [Epoch 160/500] [loss_mse: 0.146593] [anchor_loss: 0.000000]
      [LMT] [Epoch 170/500] [loss_mse: 0.130856] [anchor_loss: 0.000000]
  收敛检测[few_shot:lmt_station59_class0]: 首次达到收敛条件 @ epoch 180 (best_epoch=175, best_loss=0.100633, final_loss=0.123074)
      [LMT] [Epoch 180/500] [loss_mse: 0.123074] [anchor_loss: 0.000000]
      [LMT] [Epoch 190/500] [loss_mse: 0.117600] [anchor_loss: 0.000000]
  收敛检测[few_shot:lmt_station59_class0]: 首次达到收敛条件 @ epoch 200 (best_epoch=195, best_loss=0.100414, final_loss=0.102812)
      [LMT] [Epoch 200/500] [loss_mse: 0.102812] [anchor_loss: 0.000000]
      [LMT] [Epoch 210/500] [loss_mse: 0.154471] [anchor_loss: 0.000000]
      [LMT] [Epoch 220/500] [loss_mse: 0.172021] [anchor_loss: 0.000000]
  收敛检测[few_shot:lmt_station59_class0]: 首次达到收敛条件 @ epoch 224 (best_epoch=219, best_loss=0.097787, final_loss=0.100093)
      [LMT] [Epoch 230/500] [loss_mse: 0.140853] [anchor_loss: 0.000000]
  收敛检测[few_shot:lmt_station59_class0]: 首次达到收敛条件 @ epoch 240 (best_epoch=235, best_loss=0.086184, final_loss=0.114682)
      [LMT] [Epoch 240/500] [loss_mse: 0.114682] [anchor_loss: 0.000000]
      [LMT] [Epoch 250/500] [loss_mse: 0.145326] [anchor_loss: 0.000000]
      [LMT] [Epoch 260/500] [loss_mse: 0.108075] [anchor_loss: 0.000000]
      [LMT] [Epoch 270/500] [loss_mse: 0.112832] [anchor_loss: 0.000000]
      [LMT] [Epoch 280/500] [loss_mse: 0.174233] [anchor_loss: 0.000000]
      [LMT] [Epoch 290/500] [loss_mse: 0.189600] [anchor_loss: 0.000000]
      [LMT] [Epoch 300/500] [loss_mse: 0.146966] [anchor_loss: 0.000000]
  收敛检测[few_shot:lmt_station59_class0]: 首次达到收敛条件 @ epoch 309 (best_epoch=304, best_loss=0.072813, final_loss=0.123106)
      [LMT] [Epoch 310/500] [loss_mse: 0.116704] [anchor_loss: 0.000000]
      [LMT] [Epoch 320/500] [loss_mse: 0.155167] [anchor_loss: 0.000000]
      [LMT] [Epoch 330/500] [loss_mse: 0.204299] [anchor_loss: 0.000000]
      [LMT] [Epoch 340/500] [loss_mse: 0.146520] [anchor_loss: 0.000000]
      [LMT] [Epoch 350/500] [loss_mse: 0.122002] [anchor_loss: 0.000000]
      [LMT] [Epoch 360/500] [loss_mse: 0.153145] [anchor_loss: 0.000000]
      [LMT] [Epoch 370/500] [loss_mse: 0.151082] [anchor_loss: 0.000000]
      [LMT] [Epoch 380/500] [loss_mse: 0.101043] [anchor_loss: 0.000000]
      [LMT] [Epoch 390/500] [loss_mse: 0.105818] [anchor_loss: 0.000000]
      [LMT] [Epoch 400/500] [loss_mse: 0.140575] [anchor_loss: 0.000000]
      [LMT] [Epoch 410/500] [loss_mse: 0.125412] [anchor_loss: 0.000000]
      [LMT] [Epoch 420/500] [loss_mse: 0.118868] [anchor_loss: 0.000000]
      [LMT] [Epoch 430/500] [loss_mse: 0.095740] [anchor_loss: 0.000000]
      [LMT] [Epoch 440/500] [loss_mse: 0.116904] [anchor_loss: 0.000000]
      [LMT] [Epoch 450/500] [loss_mse: 0.133742] [anchor_loss: 0.000000]
      [LMT] [Epoch 460/500] [loss_mse: 0.145624] [anchor_loss: 0.000000]
      [LMT] [Epoch 470/500] [loss_mse: 0.164235] [anchor_loss: 0.000000]
      [LMT] [Epoch 480/500] [loss_mse: 0.116702] [anchor_loss: 0.000000]
      [LMT] [Epoch 490/500] [loss_mse: 0.112275] [anchor_loss: 0.000000]
      [LMT] [Epoch 500/500] [loss_mse: 0.109802] [anchor_loss: 0.000000]
  收敛检测[few_shot:lmt_station59_class0]: 已收敛 @ epoch 309 (best_epoch=304, best_loss=0.072813, final_loss=0.109802)
    ✓ 保存(LMT): artifacts/high_wind_spring_noft_four_client/ablation-original-local-ft-sweep-500/models/model_fore_station59_extreme0.pth
    [classwise_fallback] station=59, class=0: force local fallback -> reuse LMT
    ✓ 保存(Extreme-FedAvg/Proposed-A fallback=LMT): artifacts/high_wind_spring_noft_four_client/ablation-original-local-ft-sweep-500/models/model_fore_station59_extreme0_extreme_fedavg.pth, artifacts/high_wind_spring_noft_four_client/ablation-original-local-ft-sweep-500/models/model_fore_station59_extreme0_proposed_a.pth

======================================================================
场站 60 的Few-shot适应
======================================================================

  极端天气类别 1 (HighWind):
    样本数: 2
    训练轮数: 500, few-shot loss=MSE
    adapt/val: 1 / 1
      [LMT] [Epoch 1/500] [loss_mse: 0.075597] [anchor_loss: 0.000000]
      [LMT] [Epoch 2/500] [loss_mse: 0.077998] [anchor_loss: 0.000000]
      [LMT] [Epoch 3/500] [loss_mse: 0.078240] [anchor_loss: 0.000000]
      [LMT] [Epoch 4/500] [loss_mse: 0.081336] [anchor_loss: 0.000000]
      [LMT] [Epoch 5/500] [loss_mse: 0.070282] [anchor_loss: 0.000000]
      [LMT] [Epoch 6/500] [loss_mse: 0.081748] [anchor_loss: 0.000000]
      [LMT] [Epoch 7/500] [loss_mse: 0.075496] [anchor_loss: 0.000000]
      [LMT] [Epoch 8/500] [loss_mse: 0.080165] [anchor_loss: 0.000000]
      [LMT] [Epoch 9/500] [loss_mse: 0.049432] [anchor_loss: 0.000000]
      [LMT] [Epoch 10/500] [loss_mse: 0.070084] [anchor_loss: 0.000000]
  收敛检测[few_shot:lmt_station60_class0]: 首次达到收敛条件 @ epoch 14 (best_epoch=9, best_loss=0.049432, final_loss=0.084130)
      [LMT] [Epoch 20/500] [loss_mse: 0.077087] [anchor_loss: 0.000000]
      [LMT] [Epoch 30/500] [loss_mse: 0.062500] [anchor_loss: 0.000000]
      [LMT] [Epoch 40/500] [loss_mse: 0.078137] [anchor_loss: 0.000000]
  收敛检测[few_shot:lmt_station60_class0]: 首次达到收敛条件 @ epoch 42 (best_epoch=37, best_loss=0.047406, final_loss=0.060860)
      [LMT] [Epoch 50/500] [loss_mse: 0.068420] [anchor_loss: 0.000000]
  收敛检测[few_shot:lmt_station60_class0]: 首次达到收敛条件 @ epoch 51 (best_epoch=46, best_loss=0.043457, final_loss=0.068829)
      [LMT] [Epoch 60/500] [loss_mse: 0.048114] [anchor_loss: 0.000000]
      [LMT] [Epoch 70/500] [loss_mse: 0.059569] [anchor_loss: 0.000000]
  收敛检测[few_shot:lmt_station60_class0]: 首次达到收敛条件 @ epoch 74 (best_epoch=69, best_loss=0.039181, final_loss=0.052346)
      [LMT] [Epoch 80/500] [loss_mse: 0.050321] [anchor_loss: 0.000000]
  收敛检测[few_shot:lmt_station60_class0]: 首次达到收敛条件 @ epoch 81 (best_epoch=76, best_loss=0.031593, final_loss=0.069306)
      [LMT] [Epoch 90/500] [loss_mse: 0.075481] [anchor_loss: 0.000000]
      [LMT] [Epoch 100/500] [loss_mse: 0.059851] [anchor_loss: 0.000000]
      [LMT] [Epoch 110/500] [loss_mse: 0.066740] [anchor_loss: 0.000000]
      [LMT] [Epoch 120/500] [loss_mse: 0.075418] [anchor_loss: 0.000000]
      [LMT] [Epoch 130/500] [loss_mse: 0.099221] [anchor_loss: 0.000000]
      [LMT] [Epoch 140/500] [loss_mse: 0.070444] [anchor_loss: 0.000000]
      [LMT] [Epoch 150/500] [loss_mse: 0.076988] [anchor_loss: 0.000000]
      [LMT] [Epoch 160/500] [loss_mse: 0.052143] [anchor_loss: 0.000000]
      [LMT] [Epoch 170/500] [loss_mse: 0.053480] [anchor_loss: 0.000000]
      [LMT] [Epoch 180/500] [loss_mse: 0.083243] [anchor_loss: 0.000000]
      [LMT] [Epoch 190/500] [loss_mse: 0.082477] [anchor_loss: 0.000000]
      [LMT] [Epoch 200/500] [loss_mse: 0.047633] [anchor_loss: 0.000000]
      [LMT] [Epoch 210/500] [loss_mse: 0.078574] [anchor_loss: 0.000000]
      [LMT] [Epoch 220/500] [loss_mse: 0.085723] [anchor_loss: 0.000000]
      [LMT] [Epoch 230/500] [loss_mse: 0.088868] [anchor_loss: 0.000000]
      [LMT] [Epoch 240/500] [loss_mse: 0.073901] [anchor_loss: 0.000000]
      [LMT] [Epoch 250/500] [loss_mse: 0.043603] [anchor_loss: 0.000000]
      [LMT] [Epoch 260/500] [loss_mse: 0.065461] [anchor_loss: 0.000000]
      [LMT] [Epoch 270/500] [loss_mse: 0.040131] [anchor_loss: 0.000000]
      [LMT] [Epoch 280/500] [loss_mse: 0.056255] [anchor_loss: 0.000000]
      [LMT] [Epoch 290/500] [loss_mse: 0.023094] [anchor_loss: 0.000000]
  收敛检测[few_shot:lmt_station60_class0]: 首次达到收敛条件 @ epoch 299 (best_epoch=294, best_loss=0.022788, final_loss=0.066661)
      [LMT] [Epoch 300/500] [loss_mse: 0.039209] [anchor_loss: 0.000000]
      [LMT] [Epoch 310/500] [loss_mse: 0.103295] [anchor_loss: 0.000000]
      [LMT] [Epoch 320/500] [loss_mse: 0.046784] [anchor_loss: 0.000000]
      [LMT] [Epoch 330/500] [loss_mse: 0.056789] [anchor_loss: 0.000000]
      [LMT] [Epoch 340/500] [loss_mse: 0.054745] [anchor_loss: 0.000000]
      [LMT] [Epoch 350/500] [loss_mse: 0.068232] [anchor_loss: 0.000000]
      [LMT] [Epoch 360/500] [loss_mse: 0.068047] [anchor_loss: 0.000000]
      [LMT] [Epoch 370/500] [loss_mse: 0.047840] [anchor_loss: 0.000000]
      [LMT] [Epoch 380/500] [loss_mse: 0.068359] [anchor_loss: 0.000000]
      [LMT] [Epoch 390/500] [loss_mse: 0.076237] [anchor_loss: 0.000000]
      [LMT] [Epoch 400/500] [loss_mse: 0.063795] [anchor_loss: 0.000000]
      [LMT] [Epoch 410/500] [loss_mse: 0.053282] [anchor_loss: 0.000000]
      [LMT] [Epoch 420/500] [loss_mse: 0.055256] [anchor_loss: 0.000000]
      [LMT] [Epoch 430/500] [loss_mse: 0.067835] [anchor_loss: 0.000000]
      [LMT] [Epoch 440/500] [loss_mse: 0.039868] [anchor_loss: 0.000000]
      [LMT] [Epoch 450/500] [loss_mse: 0.068242] [anchor_loss: 0.000000]
      [LMT] [Epoch 460/500] [loss_mse: 0.066262] [anchor_loss: 0.000000]
      [LMT] [Epoch 470/500] [loss_mse: 0.039238] [anchor_loss: 0.000000]
      [LMT] [Epoch 480/500] [loss_mse: 0.058683] [anchor_loss: 0.000000]
      [LMT] [Epoch 490/500] [loss_mse: 0.072743] [anchor_loss: 0.000000]
      [LMT] [Epoch 500/500] [loss_mse: 0.034200] [anchor_loss: 0.000000]
  收敛检测[few_shot:lmt_station60_class0]: 已收敛 @ epoch 299 (best_epoch=294, best_loss=0.022788, final_loss=0.034200)
    ✓ 保存(LMT): artifacts/high_wind_spring_noft_four_client/ablation-original-local-ft-sweep-500/models/model_fore_station60_extreme0.pth
    [classwise_fallback] station=60, class=0: force local fallback -> reuse LMT
    ✓ 保存(Extreme-FedAvg/Proposed-A fallback=LMT): artifacts/high_wind_spring_noft_four_client/ablation-original-local-ft-sweep-500/models/model_fore_station60_extreme0_extreme_fedavg.pth, artifacts/high_wind_spring_noft_four_client/ablation-original-local-ft-sweep-500/models/model_fore_station60_extreme0_proposed_a.pth

======================================================================
场站 62 的Few-shot适应
======================================================================

  极端天气类别 1 (HighWind):
    样本数: 2
    训练轮数: 500, few-shot loss=MSE
    adapt/val: 1 / 1
      [LMT] [Epoch 1/500] [loss_mse: 0.260723] [anchor_loss: 0.000000]
      [LMT] [Epoch 2/500] [loss_mse: 0.254766] [anchor_loss: 0.000000]
      [LMT] [Epoch 3/500] [loss_mse: 0.229077] [anchor_loss: 0.000000]
      [LMT] [Epoch 4/500] [loss_mse: 0.251231] [anchor_loss: 0.000000]
      [LMT] [Epoch 5/500] [loss_mse: 0.238768] [anchor_loss: 0.000000]
      [LMT] [Epoch 6/500] [loss_mse: 0.244286] [anchor_loss: 0.000000]
      [LMT] [Epoch 7/500] [loss_mse: 0.240547] [anchor_loss: 0.000000]
      [LMT] [Epoch 8/500] [loss_mse: 0.215749] [anchor_loss: 0.000000]
      [LMT] [Epoch 9/500] [loss_mse: 0.249681] [anchor_loss: 0.000000]
      [LMT] [Epoch 10/500] [loss_mse: 0.258644] [anchor_loss: 0.000000]
  收敛检测[few_shot:lmt_station62_class0]: 首次达到收敛条件 @ epoch 13 (best_epoch=8, best_loss=0.215749, final_loss=0.266708)
      [LMT] [Epoch 20/500] [loss_mse: 0.234033] [anchor_loss: 0.000000]
  收敛检测[few_shot:lmt_station62_class0]: 首次达到收敛条件 @ epoch 21 (best_epoch=16, best_loss=0.197726, final_loss=0.218907)
      [LMT] [Epoch 30/500] [loss_mse: 0.216657] [anchor_loss: 0.000000]
      [LMT] [Epoch 40/500] [loss_mse: 0.229065] [anchor_loss: 0.000000]
      [LMT] [Epoch 50/500] [loss_mse: 0.210073] [anchor_loss: 0.000000]
  收敛检测[few_shot:lmt_station62_class0]: 首次达到收敛条件 @ epoch 54 (best_epoch=49, best_loss=0.190980, final_loss=0.199221)
      [LMT] [Epoch 60/500] [loss_mse: 0.200530] [anchor_loss: 0.000000]
  收敛检测[few_shot:lmt_station62_class0]: 首次达到收敛条件 @ epoch 64 (best_epoch=59, best_loss=0.165829, final_loss=0.199819)
      [LMT] [Epoch 70/500] [loss_mse: 0.201639] [anchor_loss: 0.000000]
      [LMT] [Epoch 80/500] [loss_mse: 0.170191] [anchor_loss: 0.000000]
      [LMT] [Epoch 90/500] [loss_mse: 0.202147] [anchor_loss: 0.000000]
  收敛检测[few_shot:lmt_station62_class0]: 首次达到收敛条件 @ epoch 94 (best_epoch=89, best_loss=0.165241, final_loss=0.188715)
      [LMT] [Epoch 100/500] [loss_mse: 0.182348] [anchor_loss: 0.000000]
      [LMT] [Epoch 110/500] [loss_mse: 0.185415] [anchor_loss: 0.000000]
  收敛检测[few_shot:lmt_station62_class0]: 首次达到收敛条件 @ epoch 116 (best_epoch=111, best_loss=0.144666, final_loss=0.169937)
      [LMT] [Epoch 120/500] [loss_mse: 0.149928] [anchor_loss: 0.000000]
      [LMT] [Epoch 130/500] [loss_mse: 0.168491] [anchor_loss: 0.000000]
  收敛检测[few_shot:lmt_station62_class0]: 首次达到收敛条件 @ epoch 138 (best_epoch=133, best_loss=0.133066, final_loss=0.204236)
      [LMT] [Epoch 140/500] [loss_mse: 0.170760] [anchor_loss: 0.000000]
      [LMT] [Epoch 150/500] [loss_mse: 0.197356] [anchor_loss: 0.000000]
      [LMT] [Epoch 160/500] [loss_mse: 0.179712] [anchor_loss: 0.000000]
      [LMT] [Epoch 170/500] [loss_mse: 0.149726] [anchor_loss: 0.000000]
  收敛检测[few_shot:lmt_station62_class0]: 首次达到收敛条件 @ epoch 172 (best_epoch=167, best_loss=0.128245, final_loss=0.218480)
      [LMT] [Epoch 180/500] [loss_mse: 0.155039] [anchor_loss: 0.000000]
      [LMT] [Epoch 190/500] [loss_mse: 0.167369] [anchor_loss: 0.000000]
      [LMT] [Epoch 200/500] [loss_mse: 0.140216] [anchor_loss: 0.000000]
      [LMT] [Epoch 210/500] [loss_mse: 0.158165] [anchor_loss: 0.000000]
  收敛检测[few_shot:lmt_station62_class0]: 首次达到收敛条件 @ epoch 218 (best_epoch=213, best_loss=0.118678, final_loss=0.188212)
      [LMT] [Epoch 220/500] [loss_mse: 0.184542] [anchor_loss: 0.000000]
  收敛检测[few_shot:lmt_station62_class0]: 首次达到收敛条件 @ epoch 227 (best_epoch=222, best_loss=0.110636, final_loss=0.206578)
      [LMT] [Epoch 230/500] [loss_mse: 0.143248] [anchor_loss: 0.000000]
      [LMT] [Epoch 240/500] [loss_mse: 0.177801] [anchor_loss: 0.000000]
      [LMT] [Epoch 250/500] [loss_mse: 0.124620] [anchor_loss: 0.000000]
  收敛检测[few_shot:lmt_station62_class0]: 首次达到收敛条件 @ epoch 253 (best_epoch=248, best_loss=0.109021, final_loss=0.124019)
      [LMT] [Epoch 260/500] [loss_mse: 0.155409] [anchor_loss: 0.000000]
  收敛检测[few_shot:lmt_station62_class0]: 首次达到收敛条件 @ epoch 270 (best_epoch=265, best_loss=0.107429, final_loss=0.131658)
      [LMT] [Epoch 270/500] [loss_mse: 0.131658] [anchor_loss: 0.000000]
      [LMT] [Epoch 280/500] [loss_mse: 0.143332] [anchor_loss: 0.000000]
      [LMT] [Epoch 290/500] [loss_mse: 0.195258] [anchor_loss: 0.000000]
      [LMT] [Epoch 300/500] [loss_mse: 0.136461] [anchor_loss: 0.000000]
      [LMT] [Epoch 310/500] [loss_mse: 0.120763] [anchor_loss: 0.000000]
  收敛检测[few_shot:lmt_station62_class0]: 首次达到收敛条件 @ epoch 318 (best_epoch=313, best_loss=0.105341, final_loss=0.139198)
      [LMT] [Epoch 320/500] [loss_mse: 0.159623] [anchor_loss: 0.000000]
      [LMT] [Epoch 330/500] [loss_mse: 0.137703] [anchor_loss: 0.000000]
  收敛检测[few_shot:lmt_station62_class0]: 首次达到收敛条件 @ epoch 331 (best_epoch=326, best_loss=0.104438, final_loss=0.146611)
      [LMT] [Epoch 340/500] [loss_mse: 0.122144] [anchor_loss: 0.000000]
  收敛检测[few_shot:lmt_station62_class0]: 首次达到收敛条件 @ epoch 344 (best_epoch=339, best_loss=0.099139, final_loss=0.209851)
      [LMT] [Epoch 350/500] [loss_mse: 0.126273] [anchor_loss: 0.000000]
      [LMT] [Epoch 360/500] [loss_mse: 0.146387] [anchor_loss: 0.000000]
  收敛检测[few_shot:lmt_station62_class0]: 首次达到收敛条件 @ epoch 362 (best_epoch=357, best_loss=0.073116, final_loss=0.117963)
      [LMT] [Epoch 370/500] [loss_mse: 0.137379] [anchor_loss: 0.000000]
      [LMT] [Epoch 380/500] [loss_mse: 0.122619] [anchor_loss: 0.000000]
      [LMT] [Epoch 390/500] [loss_mse: 0.157710] [anchor_loss: 0.000000]
      [LMT] [Epoch 400/500] [loss_mse: 0.103861] [anchor_loss: 0.000000]
      [LMT] [Epoch 410/500] [loss_mse: 0.111233] [anchor_loss: 0.000000]
      [LMT] [Epoch 420/500] [loss_mse: 0.106066] [anchor_loss: 0.000000]
      [LMT] [Epoch 430/500] [loss_mse: 0.158923] [anchor_loss: 0.000000]
      [LMT] [Epoch 440/500] [loss_mse: 0.077429] [anchor_loss: 0.000000]
      [LMT] [Epoch 450/500] [loss_mse: 0.167565] [anchor_loss: 0.000000]
      [LMT] [Epoch 460/500] [loss_mse: 0.121334] [anchor_loss: 0.000000]
      [LMT] [Epoch 470/500] [loss_mse: 0.092130] [anchor_loss: 0.000000]
      [LMT] [Epoch 480/500] [loss_mse: 0.143843] [anchor_loss: 0.000000]
      [LMT] [Epoch 490/500] [loss_mse: 0.097717] [anchor_loss: 0.000000]
      [LMT] [Epoch 500/500] [loss_mse: 0.141731] [anchor_loss: 0.000000]
  收敛检测[few_shot:lmt_station62_class0]: 已收敛 @ epoch 362 (best_epoch=357, best_loss=0.073116, final_loss=0.141731)
    ✓ 保存(LMT): artifacts/high_wind_spring_noft_four_client/ablation-original-local-ft-sweep-500/models/model_fore_station62_extreme0.pth
    [classwise_fallback] station=62, class=0: force local fallback -> reuse LMT
    ✓ 保存(Extreme-FedAvg/Proposed-A fallback=LMT): artifacts/high_wind_spring_noft_four_client/ablation-original-local-ft-sweep-500/models/model_fore_station62_extreme0_extreme_fedavg.pth, artifacts/high_wind_spring_noft_four_client/ablation-original-local-ft-sweep-500/models/model_fore_station62_extreme0_proposed_a.pth

======================================================================
场站 63 的Few-shot适应
======================================================================

  极端天气类别 1 (HighWind):
    样本数: 3
    训练轮数: 500, few-shot loss=MSE
    adapt/val: 2 / 1
      [LMT] [Epoch 1/500] [loss_mse: 0.083125] [anchor_loss: 0.000000]
      [LMT] [Epoch 2/500] [loss_mse: 0.121479] [anchor_loss: 0.000000]
      [LMT] [Epoch 3/500] [loss_mse: 0.120048] [anchor_loss: 0.000000]
      [LMT] [Epoch 4/500] [loss_mse: 0.097104] [anchor_loss: 0.000000]
      [LMT] [Epoch 5/500] [loss_mse: 0.089555] [anchor_loss: 0.000000]
  收敛检测[few_shot:lmt_station63_class0]: 首次达到收敛条件 @ epoch 6 (best_epoch=1, best_loss=0.083125, final_loss=0.093438)
      [LMT] [Epoch 6/500] [loss_mse: 0.093438] [anchor_loss: 0.000000]
      [LMT] [Epoch 7/500] [loss_mse: 0.103544] [anchor_loss: 0.000000]
      [LMT] [Epoch 8/500] [loss_mse: 0.126680] [anchor_loss: 0.000000]
      [LMT] [Epoch 9/500] [loss_mse: 0.119654] [anchor_loss: 0.000000]
      [LMT] [Epoch 10/500] [loss_mse: 0.151327] [anchor_loss: 0.000000]
      [LMT] [Epoch 20/500] [loss_mse: 0.101220] [anchor_loss: 0.000000]
  收敛检测[few_shot:lmt_station63_class0]: 首次达到收敛条件 @ epoch 23 (best_epoch=18, best_loss=0.080496, final_loss=0.108190)
      [LMT] [Epoch 30/500] [loss_mse: 0.107090] [anchor_loss: 0.000000]
  收敛检测[few_shot:lmt_station63_class0]: 首次达到收敛条件 @ epoch 33 (best_epoch=28, best_loss=0.079702, final_loss=0.108547)
      [LMT] [Epoch 40/500] [loss_mse: 0.090585] [anchor_loss: 0.000000]
      [LMT] [Epoch 50/500] [loss_mse: 0.102683] [anchor_loss: 0.000000]
  收敛检测[few_shot:lmt_station63_class0]: 首次达到收敛条件 @ epoch 51 (best_epoch=46, best_loss=0.071634, final_loss=0.125653)
  收敛检测[few_shot:lmt_station63_class0]: 首次达到收敛条件 @ epoch 59 (best_epoch=54, best_loss=0.063129, final_loss=0.078323)
      [LMT] [Epoch 60/500] [loss_mse: 0.115924] [anchor_loss: 0.000000]
      [LMT] [Epoch 70/500] [loss_mse: 0.100452] [anchor_loss: 0.000000]
      [LMT] [Epoch 80/500] [loss_mse: 0.075412] [anchor_loss: 0.000000]
      [LMT] [Epoch 90/500] [loss_mse: 0.069115] [anchor_loss: 0.000000]
      [LMT] [Epoch 100/500] [loss_mse: 0.099962] [anchor_loss: 0.000000]
  收敛检测[few_shot:lmt_station63_class0]: 首次达到收敛条件 @ epoch 110 (best_epoch=105, best_loss=0.057083, final_loss=0.078922)
      [LMT] [Epoch 110/500] [loss_mse: 0.078922] [anchor_loss: 0.000000]
      [LMT] [Epoch 120/500] [loss_mse: 0.070671] [anchor_loss: 0.000000]
      [LMT] [Epoch 130/500] [loss_mse: 0.081759] [anchor_loss: 0.000000]
      [LMT] [Epoch 140/500] [loss_mse: 0.061931] [anchor_loss: 0.000000]
      [LMT] [Epoch 150/500] [loss_mse: 0.076370] [anchor_loss: 0.000000]
      [LMT] [Epoch 160/500] [loss_mse: 0.101088] [anchor_loss: 0.000000]
  收敛检测[few_shot:lmt_station63_class0]: 首次达到收敛条件 @ epoch 163 (best_epoch=158, best_loss=0.055217, final_loss=0.099981)
      [LMT] [Epoch 170/500] [loss_mse: 0.067902] [anchor_loss: 0.000000]
      [LMT] [Epoch 180/500] [loss_mse: 0.056964] [anchor_loss: 0.000000]
      [LMT] [Epoch 190/500] [loss_mse: 0.094722] [anchor_loss: 0.000000]
      [LMT] [Epoch 200/500] [loss_mse: 0.106519] [anchor_loss: 0.000000]
      [LMT] [Epoch 210/500] [loss_mse: 0.075864] [anchor_loss: 0.000000]
      [LMT] [Epoch 220/500] [loss_mse: 0.086468] [anchor_loss: 0.000000]
      [LMT] [Epoch 230/500] [loss_mse: 0.067898] [anchor_loss: 0.000000]
      [LMT] [Epoch 240/500] [loss_mse: 0.104351] [anchor_loss: 0.000000]
      [LMT] [Epoch 250/500] [loss_mse: 0.073187] [anchor_loss: 0.000000]
      [LMT] [Epoch 260/500] [loss_mse: 0.108092] [anchor_loss: 0.000000]
      [LMT] [Epoch 270/500] [loss_mse: 0.113779] [anchor_loss: 0.000000]
      [LMT] [Epoch 280/500] [loss_mse: 0.106436] [anchor_loss: 0.000000]
      [LMT] [Epoch 290/500] [loss_mse: 0.099606] [anchor_loss: 0.000000]
  收敛检测[few_shot:lmt_station63_class0]: 首次达到收敛条件 @ epoch 293 (best_epoch=288, best_loss=0.051925, final_loss=0.090521)
      [LMT] [Epoch 300/500] [loss_mse: 0.067274] [anchor_loss: 0.000000]
      [LMT] [Epoch 310/500] [loss_mse: 0.096187] [anchor_loss: 0.000000]
      [LMT] [Epoch 320/500] [loss_mse: 0.067436] [anchor_loss: 0.000000]
      [LMT] [Epoch 330/500] [loss_mse: 0.107005] [anchor_loss: 0.000000]
      [LMT] [Epoch 340/500] [loss_mse: 0.077809] [anchor_loss: 0.000000]
      [LMT] [Epoch 350/500] [loss_mse: 0.083343] [anchor_loss: 0.000000]
      [LMT] [Epoch 360/500] [loss_mse: 0.094253] [anchor_loss: 0.000000]
      [LMT] [Epoch 370/500] [loss_mse: 0.095170] [anchor_loss: 0.000000]
      [LMT] [Epoch 380/500] [loss_mse: 0.080549] [anchor_loss: 0.000000]
      [LMT] [Epoch 390/500] [loss_mse: 0.075212] [anchor_loss: 0.000000]
      [LMT] [Epoch 400/500] [loss_mse: 0.066787] [anchor_loss: 0.000000]
      [LMT] [Epoch 410/500] [loss_mse: 0.071524] [anchor_loss: 0.000000]
      [LMT] [Epoch 420/500] [loss_mse: 0.083602] [anchor_loss: 0.000000]
      [LMT] [Epoch 430/500] [loss_mse: 0.079551] [anchor_loss: 0.000000]
      [LMT] [Epoch 440/500] [loss_mse: 0.082958] [anchor_loss: 0.000000]
      [LMT] [Epoch 450/500] [loss_mse: 0.083670] [anchor_loss: 0.000000]
      [LMT] [Epoch 460/500] [loss_mse: 0.078256] [anchor_loss: 0.000000]
      [LMT] [Epoch 470/500] [loss_mse: 0.085145] [anchor_loss: 0.000000]
      [LMT] [Epoch 480/500] [loss_mse: 0.077916] [anchor_loss: 0.000000]
      [LMT] [Epoch 490/500] [loss_mse: 0.067957] [anchor_loss: 0.000000]
      [LMT] [Epoch 500/500] [loss_mse: 0.075904] [anchor_loss: 0.000000]
  收敛检测[few_shot:lmt_station63_class0]: 已收敛 @ epoch 293 (best_epoch=288, best_loss=0.051925, final_loss=0.075904)
    ✓ 保存(LMT): artifacts/high_wind_spring_noft_four_client/ablation-original-local-ft-sweep-500/models/model_fore_station63_extreme0.pth
    [classwise_fallback] station=63, class=0: force local fallback -> reuse LMT
    ✓ 保存(Extreme-FedAvg/Proposed-A fallback=LMT): artifacts/high_wind_spring_noft_four_client/ablation-original-local-ft-sweep-500/models/model_fore_station63_extreme0_extreme_fedavg.pth, artifacts/high_wind_spring_noft_four_client/ablation-original-local-ft-sweep-500/models/model_fore_station63_extreme0_proposed_a.pth
✓ FT sweep记录已保存: artifacts/high_wind_spring_noft_four_client/ablation-original-local-ft-sweep-500/ft_sweep_original_local_500.csv

✓ Few-shot训练完成，生成了 12 个个性化模型

======================================================================
生成所有场站的测试预测结果
======================================================================

场站 59 预测:
  ✓ 极端类别1(HighWind)（Pretrain/Local-Meta-NoFT/LMT/Extreme-FedAvg/Proposed-A）

场站 60 预测:
  ✓ 极端类别1(HighWind)（Pretrain/Local-Meta-NoFT/LMT/Extreme-FedAvg/Proposed-A）

场站 62 预测:
  ✓ 极端类别1(HighWind)（Pretrain/Local-Meta-NoFT/LMT/Extreme-FedAvg/Proposed-A）

场站 63 预测:
  ✓ 极端类别1(HighWind)（Pretrain/Local-Meta-NoFT/LMT/Extreme-FedAvg/Proposed-A）

保存所有场站测试结果...
✓ 已保存: artifacts/high_wind_spring_noft_four_client/ablation-original-local-ft-sweep-500/all_stations_test_results.mat
✓ 收敛检测报告已保存: artifacts/high_wind_spring_noft_four_client/ablation-original-local-ft-sweep-500/training_convergence_report.json

======================================================================
✓✓✓ 训练和测试全部完成！
生成的个性化微调模型: 12个（含 LMT / Extreme-FedAvg / Proposed-A）
======================================================================
