
======================================================================
stage=train
env  PROTOCOL_NAME=four_client_2h_6point_high_wind_spring_noft_protocol PROTOCOL_DATA_DIR=/tmp/wpf-worktrees/restore-raw-data-83688a3/WPF-under-extreme-weather-main/protocol_data/high_wind_spring_noft_four_client PROTOCOL_METADATA_PATH=/tmp/wpf-worktrees/restore-raw-data-83688a3/WPF-under-extreme-weather-main/protocol_data/high_wind_spring_noft_four_client/protocol_metadata.json SAMPLE_INTERVAL_HOURS=2 DOWNSAMPLE_OFFSET=1 LEN_REALP=6 POINTS_PER_DAY=12 PHASE_AUGMENT_STATIONS=1 PHASE_AUGMENT_COMPLEMENTARY_OFFSET=0 ARTIFACT_DIR=artifacts/high_wind_spring_noft_four_client/pilot-1k-target-aware-selective-fed-local-ft5 MODEL_OUTPUT_DIR=artifacts/high_wind_spring_noft_four_client/pilot-1k-target-aware-selective-fed-local-ft5/models BASE_MODEL_OUTPUT_DIR=artifacts/high_wind_spring_noft_four_client/pilot-1k/models TARGET_AWARE_BASE_MODEL_OUTPUT_DIR=artifacts/high_wind_spring_noft_four_client/pilot-1k-target-aware-meta/models TARGET_AWARE_SELECTIVE_FED_BASE_MODEL_OUTPUT_DIR=artifacts/high_wind_spring_noft_four_client/pilot-1k-target-aware-selective-fed/models LOGS_TRAIN_DIR=artifacts/high_wind_spring_noft_four_client/pilot-1k-target-aware-selective-fed-local-ft5/logs_train CONVERGENCE_REPORT_PATH=artifacts/high_wind_spring_noft_four_client/pilot-1k-target-aware-selective-fed-local-ft5/training_convergence_report.json ALL_STATIONS_TEST_RESULTS_PATH=artifacts/high_wind_spring_noft_four_client/pilot-1k-target-aware-selective-fed-local-ft5/all_stations_test_results.mat RESULTS_OUTPUT_PATH=artifacts/high_wind_spring_noft_four_client/pilot-1k-target-aware-selective-fed-local-ft5/results/multi_station_performance.csv TASK_RESULTS_OUTPUT_PATH=artifacts/high_wind_spring_noft_four_client/pilot-1k-target-aware-selective-fed-local-ft5/results/multi_station_performance_task_level.csv YEARLY_PROTOCOL_ENABLED=1 SEASONAL_PROTOCOL_ENABLED=0 YEARLY_PROTOCOL_METADATA_PATH=/tmp/wpf-worktrees/restore-raw-data-83688a3/WPF-under-extreme-weather-main/protocol_data/high_wind_spring_noft_four_client/protocol_metadata.json HIGH_TEMP_ONLY_SUMMER_PROTOCOL=0 HIGH_WIND_SPRING_NOFT_PROTOCOL=1 HIGH_WIND_NORMAL_TRAIN_START=2022-04-01T00:00:00+00:00 HIGH_WIND_NORMAL_TRAIN_END=2022-04-29T16:00:00+00:00 USE_FEDERATION=1 RUN_FEDERATED_PRETRAIN=0 TRAIN_META_ONLY_BASELINE=0 SKIP_LOCAL_PRETRAIN=1 SKIP_LOCAL_META=1 ENABLE_FED_NORMAL_META_PROPOSED=0 FED_NORMAL_META_SELF_FLOOR=0.3 SKIP_FED_NORMAL_META=0 FED_NORMAL_META_RESTORE_BEST=0 FED_NORMAL_META_SAVE_BEST=0 FED_NORMAL_META_USE_BEST=0 ENABLE_SELECTIVE_FED_NORMAL_META=0 SELECTIVE_FED_META_PROXY_RATIO=0.2 SELECTIVE_FED_META_SELF_FLOOR=0.5 SELECTIVE_FED_META_GAIN_MARGIN=0.0 SELECTIVE_FED_META_GAIN_GAMMA=1.0 HWA_PRETRAIN_LOSS=0 HWA_META_LOSS=0 HWA_SELECTIVE_PROXY_LOSS=0 HWA_WIND_FEATURE_INDEX=0 HWA_WIND_THRESHOLD=10.0 HWA_WIND_RAMP_END=13.9 HWA_HIGH_WIND_WEIGHT=4.0 HWA_PRETRAIN_WINDOWED=1 ENABLE_TARGET_AWARE_META_NOFT=1 SKIP_TARGET_AWARE_PRETRAIN=1 SKIP_TARGET_AWARE_META=1 ENABLE_TARGET_AWARE_SELECTIVE_FED_META=1 SKIP_TARGET_AWARE_SELECTIVE_FED_META=1 ENABLE_TARGET_AWARE_SELECTIVE_FED_LOCAL_FT=1 SKIP_LEGACY_EXTREME_ADAPTATION=1 TARGET_AWARE_PRETRAIN_HWA_LOSS=1 TARGET_AWARE_META_CDRM_WEIGHT=0 TARGET_AWARE_META_SIM_FLOOR=0.05 TARGET_AWARE_META_TASK_WEIGHT_ETA=1.0 TARGET_AWARE_META_WIND_MEAN_THRESHOLD=13.9 TARGET_AWARE_META_WIND_MAX_THRESHOLD=17.2 TARGET_AWARE_META_MIN_EXTREME_POINTS=3 TARGET_AWARE_SELECTIVE_FED_TOP_K=1 TARGET_AWARE_SELECTIVE_FED_SELF_FLOOR=0.7 TARGET_AWARE_SELECTIVE_FED_SOURCE_ALPHA_CAP=0.3 TARGET_AWARE_SELECTIVE_FED_ALPHA_GRID= TARGET_AWARE_SELECTIVE_FED_GAIN_MARGIN=0.0 TARGET_AWARE_SELECTIVE_FED_GAIN_GAMMA=1.0 TARGET_AWARE_SELECTIVE_FED_PROXY_NORMAL_MAX_WINDOWS=8 TARGET_AWARE_SELECTIVE_FED_PROXY_EXTREME_WEIGHT=2.0 TARGET_AWARE_SELECTIVE_FED_PROXY_NORMAL_WEIGHT=1.0 GLOBAL_SEED=1029 META_TASKS_PER_EPOCH=2 META_SUPPORT_SHOTS=4 META_QUERY_SHOTS=4 EVAL_MODEL_SET=fed-meta-noft SKIP_EXTREME_ADAPTATION_STAGE=0 PROPOSED_META_SAMPLER_MODE=balanced PRETRAIN_EPOCHS=1000 PROPOSED_META_EPOCHS=1000 META_ONLY_META_EPOCHS=1000 FEW_SHOT_EPOCHS=5 FEW_SHOT_LR=5e-5 EXTREME_TARGET_REFINEMENT_EPOCHS=5 EXTREME_SUPPORT_WINDOW_CAP=0 EXTREME_TARGET_ADAPT_MAX_WINDOWS=0 PRETRAIN_LOG_INTERVAL=50 META_LOG_INTERVAL=50 FEW_SHOT_LOG_INTERVAL=10
exec /root/miniconda3/bin/python -u DemoModelTraining.py
======================================================================

libgomp: Invalid value for environment variable OMP_NUM_THREADS
======================================================================
数据协议配置
======================================================================
  protocol_name: four_client_2h_6point_high_wind_spring_noft_protocol
  protocol_data_dir: /tmp/wpf-worktrees/restore-raw-data-83688a3/WPF-under-extreme-weather-main/protocol_data/high_wind_spring_noft_four_client
  protocol_metadata_path: /tmp/wpf-worktrees/restore-raw-data-83688a3/WPF-under-extreme-weather-main/protocol_data/high_wind_spring_noft_four_client/protocol_metadata.json
  yearly_protocol_enabled: True
  seasonal_protocol_enabled: False
  sample_interval_hours: 2
  downsample_offset: 1
  len_realp: 6
  points_per_day: 12
  window_span_hours: 12
  artifact_dir: artifacts/high_wind_spring_noft_four_client/pilot-1k-target-aware-selective-fed-local-ft5
  model_output_dir: artifacts/high_wind_spring_noft_four_client/pilot-1k-target-aware-selective-fed-local-ft5/models
  base_model_output_dir: artifacts/high_wind_spring_noft_four_client/pilot-1k/models
  target_aware_base_model_output_dir: artifacts/high_wind_spring_noft_four_client/pilot-1k-target-aware-meta/models
  target_aware_selective_fed_base_model_output_dir: artifacts/high_wind_spring_noft_four_client/pilot-1k-target-aware-selective-fed/models
  logs_train_dir: artifacts/high_wind_spring_noft_four_client/pilot-1k-target-aware-selective-fed-local-ft5/logs_train
  enable_fed_normal_meta_proposed: False
  fed_normal_meta_self_floor: 0.3
  skip_fed_normal_meta: False
  fed_normal_meta_restore_best: False
  fed_normal_meta_save_best: False
  fed_normal_meta_use_best: False
  enable_selective_fed_normal_meta: False
  selective_fed_meta_proxy_ratio: 0.2
  selective_fed_meta_self_floor: 0.5
  selective_fed_meta_gain_margin: 0.0
  selective_fed_meta_gain_gamma: 1.0
  hwa_pretrain_loss: False
  hwa_meta_loss: False
  hwa_selective_proxy_loss: False
  hwa_wind_feature_index: 0
  hwa_wind_threshold: 10.0
  hwa_wind_ramp_end: 13.9
  hwa_high_wind_weight: 4.0
  hwa_pretrain_windowed: True
  enable_target_aware_meta_noft: True
  skip_target_aware_pretrain: True
  skip_target_aware_meta: True
  enable_target_aware_selective_fed_meta: True
  skip_target_aware_selective_fed_meta: True
  enable_target_aware_selective_fed_local_ft: True
  skip_legacy_extreme_adaptation: True
  target_aware_pretrain_hwa_loss: True
  target_aware_meta_cdrm_weight: 0.0
  target_aware_meta_sim_floor: 0.05
  target_aware_meta_task_weight_eta: 1.0
  target_aware_meta_wind_mean_threshold: 13.9
  target_aware_meta_wind_max_threshold: 17.2
  target_aware_meta_min_extreme_points: 3
  target_aware_selective_fed_top_k: 1
  target_aware_selective_fed_self_floor: 0.7
  target_aware_selective_fed_source_alpha_cap: 0.3
  target_aware_selective_fed_alpha_grid: (auto)
  target_aware_selective_fed_gain_margin: 0.0
  target_aware_selective_fed_proxy_normal_max_windows: 8
  target_aware_selective_fed_proxy_extreme_weight: 2.0
  target_aware_selective_fed_proxy_normal_weight: 1.0
  global_seed: 1029
  skip_extreme_adaptation_stage: False
  few_shot_lr: 5e-05
======================================================================
联邦模式：加载4个场站数据（59, 60, 62, 63）
======================================================================
  加载 /tmp/wpf-worktrees/restore-raw-data-83688a3/WPF-under-extreme-weather-main/protocol_data/high_wind_spring_noft_four_client/59wf_4_train.mat...
  加载 /tmp/wpf-worktrees/restore-raw-data-83688a3/WPF-under-extreme-weather-main/protocol_data/high_wind_spring_noft_four_client/60wf_4_train.mat...
  加载 /tmp/wpf-worktrees/restore-raw-data-83688a3/WPF-under-extreme-weather-main/protocol_data/high_wind_spring_noft_four_client/62wf_4_train.mat...
  加载 /tmp/wpf-worktrees/restore-raw-data-83688a3/WPF-under-extreme-weather-main/protocol_data/high_wind_spring_noft_four_client/63wf_4_train.mat...

======================================================================
准备所有场站的完整数据（元训练+极端天气+测试集）
======================================================================

准备联邦客户端数据（常规天气）...
  处理场站 59...
    shape: (1, 318, 5) → (1, 318, 1)
  处理场站 60...
    shape: (1, 323, 5) → (1, 323, 1)
  处理场站 62...
    shape: (1, 319, 5) → (1, 319, 1)
  处理场站 63...
    shape: (1, 324, 5) → (1, 324, 1)
  总数据量: 1284 样本

准备所有场站的元训练和测试数据（4场站一视同仁）...

  场站 59:
    测试集2023: (2, 6, 1)
    聚类类别: 4类
    极端天气: 1类

  场站 60:
    测试集2023: (2, 6, 1)
    聚类类别: 4类
    极端天气: 1类

  场站 62:
    测试集2023: (2, 6, 1)
    聚类类别: 4类
    极端天气: 1类

  场站 63:
    测试集2023: (2, 6, 1)
    聚类类别: 4类
    极端天气: 1类

✓ 所有场站数据准备完成！
#########################################################################——————————本地预训练（Local Pre-train）——————————############################################################
场站数量: 4, 场站: 59, 60, 62, 63

======================================================================
开始本地预训练: station 59
======================================================================
✓ 跳过本地预训练，复用已有 checkpoint: artifacts/high_wind_spring_noft_four_client/pilot-1k/models/model_fore_pre_station59_local.pth

======================================================================
开始本地预训练: station 60
======================================================================
✓ 跳过本地预训练，复用已有 checkpoint: artifacts/high_wind_spring_noft_four_client/pilot-1k/models/model_fore_pre_station60_local.pth

======================================================================
开始本地预训练: station 62
======================================================================
✓ 跳过本地预训练，复用已有 checkpoint: artifacts/high_wind_spring_noft_four_client/pilot-1k/models/model_fore_pre_station62_local.pth

======================================================================
开始本地预训练: station 63
======================================================================
✓ 跳过本地预训练，复用已有 checkpoint: artifacts/high_wind_spring_noft_four_client/pilot-1k/models/model_fore_pre_station63_local.pth

======================================================================
开始Target-Aware窗口化预训练: station 59
======================================================================
✓ 跳过Target-Aware预训练，复用已有 checkpoint: artifacts/high_wind_spring_noft_four_client/pilot-1k-target-aware-meta/models/model_fore_pre_station59_target_aware.pth

======================================================================
开始Target-Aware窗口化预训练: station 60
======================================================================
✓ 跳过Target-Aware预训练，复用已有 checkpoint: artifacts/high_wind_spring_noft_four_client/pilot-1k-target-aware-meta/models/model_fore_pre_station60_target_aware.pth

======================================================================
开始Target-Aware窗口化预训练: station 62
======================================================================
✓ 跳过Target-Aware预训练，复用已有 checkpoint: artifacts/high_wind_spring_noft_four_client/pilot-1k-target-aware-meta/models/model_fore_pre_station62_target_aware.pth

======================================================================
开始Target-Aware窗口化预训练: station 63
======================================================================
✓ 跳过Target-Aware预训练，复用已有 checkpoint: artifacts/high_wind_spring_noft_four_client/pilot-1k-target-aware-meta/models/model_fore_pre_station63_target_aware.pth

======================================================================
开始本地元训练: station 59
======================================================================
✓ 跳过本地元训练，复用已有 checkpoint: artifacts/high_wind_spring_noft_four_client/pilot-1k/models/model_fore_train_task_query_local_meta_station59.pth

======================================================================
开始本地元训练: station 60
======================================================================
✓ 跳过本地元训练，复用已有 checkpoint: artifacts/high_wind_spring_noft_four_client/pilot-1k/models/model_fore_train_task_query_local_meta_station60.pth

======================================================================
开始本地元训练: station 62
======================================================================
✓ 跳过本地元训练，复用已有 checkpoint: artifacts/high_wind_spring_noft_four_client/pilot-1k/models/model_fore_train_task_query_local_meta_station62.pth

======================================================================
开始本地元训练: station 63
======================================================================
✓ 跳过本地元训练，复用已有 checkpoint: artifacts/high_wind_spring_noft_four_client/pilot-1k/models/model_fore_train_task_query_local_meta_station63.pth

======================================================================
开始Target-Aware元训练: station 59
======================================================================
✓ 跳过Target-Aware元训练，复用已有 checkpoint: artifacts/high_wind_spring_noft_four_client/pilot-1k-target-aware-meta/models/model_fore_train_task_query_target_aware_meta_station59.pth

======================================================================
开始Target-Aware元训练: station 60
======================================================================
✓ 跳过Target-Aware元训练，复用已有 checkpoint: artifacts/high_wind_spring_noft_four_client/pilot-1k-target-aware-meta/models/model_fore_train_task_query_target_aware_meta_station60.pth

======================================================================
开始Target-Aware元训练: station 62
======================================================================
✓ 跳过Target-Aware元训练，复用已有 checkpoint: artifacts/high_wind_spring_noft_four_client/pilot-1k-target-aware-meta/models/model_fore_train_task_query_target_aware_meta_station62.pth

======================================================================
开始Target-Aware元训练: station 63
======================================================================
✓ 跳过Target-Aware元训练，复用已有 checkpoint: artifacts/high_wind_spring_noft_four_client/pilot-1k-target-aware-meta/models/model_fore_train_task_query_target_aware_meta_station63.pth

======================================================================
开始Target-Aware Selective Fed Meta: target station 59
  alpha_grid=[0.1, 0.2, 0.3], top_k=1, gain_margin=0.0
======================================================================
✓ 跳过Target-Aware Selective Fed Meta，复用已有 checkpoint: artifacts/high_wind_spring_noft_four_client/pilot-1k-target-aware-selective-fed/models/model_fore_train_task_query_target_aware_selective_fed_meta_station59.pth

======================================================================
开始Target-Aware Selective Fed Meta: target station 60
  alpha_grid=[0.1, 0.2, 0.3], top_k=1, gain_margin=0.0
======================================================================
✓ 跳过Target-Aware Selective Fed Meta，复用已有 checkpoint: artifacts/high_wind_spring_noft_four_client/pilot-1k-target-aware-selective-fed/models/model_fore_train_task_query_target_aware_selective_fed_meta_station60.pth

======================================================================
开始Target-Aware Selective Fed Meta: target station 62
  alpha_grid=[0.1, 0.2, 0.3], top_k=1, gain_margin=0.0
======================================================================
✓ 跳过Target-Aware Selective Fed Meta，复用已有 checkpoint: artifacts/high_wind_spring_noft_four_client/pilot-1k-target-aware-selective-fed/models/model_fore_train_task_query_target_aware_selective_fed_meta_station62.pth

======================================================================
开始Target-Aware Selective Fed Meta: target station 63
  alpha_grid=[0.1, 0.2, 0.3], top_k=1, gain_margin=0.0
======================================================================
✓ 跳过Target-Aware Selective Fed Meta，复用已有 checkpoint: artifacts/high_wind_spring_noft_four_client/pilot-1k-target-aware-selective-fed/models/model_fore_train_task_query_target_aware_selective_fed_meta_station63.pth
##################################################################——————————test_task_support（Few-shot适应：共4个模型）——————————############################################################

======================================================================
场站 59 的Few-shot适应
======================================================================

  极端天气类别 1 (HighWind):
    样本数: 2
    训练轮数: 5, few-shot loss=MSE
    adapt/val: 1 / 1
      [Target-Aware Selective Fed-Meta + Local FT] [Epoch 1/5] [loss_mse: 0.022781] [anchor_loss: 0.000000]
      [Target-Aware Selective Fed-Meta + Local FT] [Epoch 2/5] [loss_mse: 0.029525] [anchor_loss: 0.000000]
      [Target-Aware Selective Fed-Meta + Local FT] [Epoch 3/5] [loss_mse: 0.030867] [anchor_loss: 0.000000]
      [Target-Aware Selective Fed-Meta + Local FT] [Epoch 4/5] [loss_mse: 0.013675] [anchor_loss: 0.000000]
      [Target-Aware Selective Fed-Meta + Local FT] [Epoch 5/5] [loss_mse: 0.027417] [anchor_loss: 0.000000]
  收敛检测[few_shot:target_aware_selective_fed_local_ft_station59_class0]: 未收敛 (best_epoch=4, best_loss=0.013675, final_loss=0.027417)
    ✓ 保存(Target-Aware Selective Fed-Meta + Local FT): artifacts/high_wind_spring_noft_four_client/pilot-1k-target-aware-selective-fed-local-ft5/models/model_fore_station59_extreme0_target_aware_selective_fed_local_ft.pth

======================================================================
场站 60 的Few-shot适应
======================================================================

  极端天气类别 1 (HighWind):
    样本数: 2
    训练轮数: 5, few-shot loss=MSE
    adapt/val: 1 / 1
      [Target-Aware Selective Fed-Meta + Local FT] [Epoch 1/5] [loss_mse: 0.058635] [anchor_loss: 0.000000]
      [Target-Aware Selective Fed-Meta + Local FT] [Epoch 2/5] [loss_mse: 0.065983] [anchor_loss: 0.000000]
      [Target-Aware Selective Fed-Meta + Local FT] [Epoch 3/5] [loss_mse: 0.047060] [anchor_loss: 0.000000]
      [Target-Aware Selective Fed-Meta + Local FT] [Epoch 4/5] [loss_mse: 0.057067] [anchor_loss: 0.000000]
      [Target-Aware Selective Fed-Meta + Local FT] [Epoch 5/5] [loss_mse: 0.037078] [anchor_loss: 0.000000]
  收敛检测[few_shot:target_aware_selective_fed_local_ft_station60_class0]: 未收敛 (best_epoch=5, best_loss=0.037078, final_loss=0.037078)
    ✓ 保存(Target-Aware Selective Fed-Meta + Local FT): artifacts/high_wind_spring_noft_four_client/pilot-1k-target-aware-selective-fed-local-ft5/models/model_fore_station60_extreme0_target_aware_selective_fed_local_ft.pth

======================================================================
场站 62 的Few-shot适应
======================================================================

  极端天气类别 1 (HighWind):
    样本数: 2
    训练轮数: 5, few-shot loss=MSE
    adapt/val: 1 / 1
      [Target-Aware Selective Fed-Meta + Local FT] [Epoch 1/5] [loss_mse: 0.033590] [anchor_loss: 0.000000]
      [Target-Aware Selective Fed-Meta + Local FT] [Epoch 2/5] [loss_mse: 0.015792] [anchor_loss: 0.000000]
      [Target-Aware Selective Fed-Meta + Local FT] [Epoch 3/5] [loss_mse: 0.029883] [anchor_loss: 0.000000]
      [Target-Aware Selective Fed-Meta + Local FT] [Epoch 4/5] [loss_mse: 0.025969] [anchor_loss: 0.000000]
      [Target-Aware Selective Fed-Meta + Local FT] [Epoch 5/5] [loss_mse: 0.015228] [anchor_loss: 0.000000]
  收敛检测[few_shot:target_aware_selective_fed_local_ft_station62_class0]: 未收敛 (best_epoch=5, best_loss=0.015228, final_loss=0.015228)
    ✓ 保存(Target-Aware Selective Fed-Meta + Local FT): artifacts/high_wind_spring_noft_four_client/pilot-1k-target-aware-selective-fed-local-ft5/models/model_fore_station62_extreme0_target_aware_selective_fed_local_ft.pth

======================================================================
场站 63 的Few-shot适应
======================================================================

  极端天气类别 1 (HighWind):
    样本数: 3
    训练轮数: 5, few-shot loss=MSE
    adapt/val: 2 / 1
      [Target-Aware Selective Fed-Meta + Local FT] [Epoch 1/5] [loss_mse: 0.041158] [anchor_loss: 0.000000]
      [Target-Aware Selective Fed-Meta + Local FT] [Epoch 2/5] [loss_mse: 0.045076] [anchor_loss: 0.000000]
      [Target-Aware Selective Fed-Meta + Local FT] [Epoch 3/5] [loss_mse: 0.046001] [anchor_loss: 0.000000]
      [Target-Aware Selective Fed-Meta + Local FT] [Epoch 4/5] [loss_mse: 0.033202] [anchor_loss: 0.000000]
      [Target-Aware Selective Fed-Meta + Local FT] [Epoch 5/5] [loss_mse: 0.042398] [anchor_loss: 0.000000]
  收敛检测[few_shot:target_aware_selective_fed_local_ft_station63_class0]: 未收敛 (best_epoch=4, best_loss=0.033202, final_loss=0.042398)
    ✓ 保存(Target-Aware Selective Fed-Meta + Local FT): artifacts/high_wind_spring_noft_four_client/pilot-1k-target-aware-selective-fed-local-ft5/models/model_fore_station63_extreme0_target_aware_selective_fed_local_ft.pth

✓ Few-shot训练完成，生成了 4 个个性化模型

======================================================================
生成所有场站的测试预测结果
======================================================================

场站 59 预测:
  ✓ 极端类别1(HighWind)（Pretrain/Local-Meta-NoFT/Target-Aware Pretrain/Target-Aware Meta-NoFT/Target-Aware Selective Fed-Meta-NoFT/Target-Aware Selective Fed-Meta + Local FT）

场站 60 预测:
  ✓ 极端类别1(HighWind)（Pretrain/Local-Meta-NoFT/Target-Aware Pretrain/Target-Aware Meta-NoFT/Target-Aware Selective Fed-Meta-NoFT/Target-Aware Selective Fed-Meta + Local FT）

场站 62 预测:
  ✓ 极端类别1(HighWind)（Pretrain/Local-Meta-NoFT/Target-Aware Pretrain/Target-Aware Meta-NoFT/Target-Aware Selective Fed-Meta-NoFT/Target-Aware Selective Fed-Meta + Local FT）

场站 63 预测:
  ✓ 极端类别1(HighWind)（Pretrain/Local-Meta-NoFT/Target-Aware Pretrain/Target-Aware Meta-NoFT/Target-Aware Selective Fed-Meta-NoFT/Target-Aware Selective Fed-Meta + Local FT）

保存所有场站测试结果...
✓ 已保存: artifacts/high_wind_spring_noft_four_client/pilot-1k-target-aware-selective-fed-local-ft5/all_stations_test_results.mat
✓ 收敛检测报告已保存: artifacts/high_wind_spring_noft_four_client/pilot-1k-target-aware-selective-fed-local-ft5/training_convergence_report.json

======================================================================
✓✓✓ 训练和测试全部完成！
生成的个性化微调模型: 4个（含 Target-Aware Selective Fed-Meta + Local FT）
======================================================================
