
======================================================================
stage=train
env  PROTOCOL_NAME=four_client_2h_6point_high_wind_spring_noft_protocol PROTOCOL_DATA_DIR=/tmp/wpf-worktrees/restore-raw-data-83688a3/WPF-under-extreme-weather-main/protocol_data/high_wind_spring_noft_four_client PROTOCOL_METADATA_PATH=/tmp/wpf-worktrees/restore-raw-data-83688a3/WPF-under-extreme-weather-main/protocol_data/high_wind_spring_noft_four_client/protocol_metadata.json SAMPLE_INTERVAL_HOURS=2 DOWNSAMPLE_OFFSET=1 LEN_REALP=6 POINTS_PER_DAY=12 PHASE_AUGMENT_STATIONS=1 PHASE_AUGMENT_COMPLEMENTARY_OFFSET=0 ARTIFACT_DIR=artifacts/high_wind_spring_noft_four_client/pilot-1k-fedtl-ft5 MODEL_OUTPUT_DIR=artifacts/high_wind_spring_noft_four_client/pilot-1k-fedtl-ft5/models BASE_MODEL_OUTPUT_DIR=artifacts/high_wind_spring_noft_four_client/pilot-1k/models TARGET_AWARE_BASE_MODEL_OUTPUT_DIR=artifacts/high_wind_spring_noft_four_client/pilot-1k-fedtl-ft5/models TARGET_AWARE_SELECTIVE_FED_BASE_MODEL_OUTPUT_DIR=artifacts/high_wind_spring_noft_four_client/pilot-1k-fedtl-ft5/models LOCAL_PRETRAIN_INIT_MODEL_DIR= LOCAL_META_INIT_MODEL_DIR= TARGET_AWARE_PRETRAIN_INIT_MODEL_DIR= TARGET_AWARE_META_INIT_MODEL_DIR= TARGET_AWARE_SELECTIVE_FED_META_INIT_MODEL_DIR= LOCAL_PRETRAIN_EPOCH_OFFSET=0 LOCAL_META_EPOCH_OFFSET=0 TARGET_AWARE_PRETRAIN_EPOCH_OFFSET=0 TARGET_AWARE_META_EPOCH_OFFSET=0 TARGET_AWARE_SELECTIVE_FED_META_EPOCH_OFFSET=0 LOGS_TRAIN_DIR=artifacts/high_wind_spring_noft_four_client/pilot-1k-fedtl-ft5/logs_train CONVERGENCE_REPORT_PATH=artifacts/high_wind_spring_noft_four_client/pilot-1k-fedtl-ft5/training_convergence_report.json ALL_STATIONS_TEST_RESULTS_PATH=artifacts/high_wind_spring_noft_four_client/pilot-1k-fedtl-ft5/all_stations_test_results.mat RESULTS_OUTPUT_PATH=artifacts/high_wind_spring_noft_four_client/pilot-1k-fedtl-ft5/results/multi_station_performance.csv TASK_RESULTS_OUTPUT_PATH=artifacts/high_wind_spring_noft_four_client/pilot-1k-fedtl-ft5/results/multi_station_performance_task_level.csv YEARLY_PROTOCOL_ENABLED=1 SEASONAL_PROTOCOL_ENABLED=0 YEARLY_PROTOCOL_METADATA_PATH=/tmp/wpf-worktrees/restore-raw-data-83688a3/WPF-under-extreme-weather-main/protocol_data/high_wind_spring_noft_four_client/protocol_metadata.json HIGH_TEMP_ONLY_SUMMER_PROTOCOL=0 HIGH_WIND_SPRING_NOFT_PROTOCOL=1 HIGH_WIND_NORMAL_TRAIN_START=2022-04-01T00:00:00+00:00 HIGH_WIND_NORMAL_TRAIN_END=2022-04-29T16:00:00+00:00 USE_FEDERATION=1 RUN_FEDERATED_PRETRAIN=1 TRAIN_META_ONLY_BASELINE=0 TRAIN_PRETRAIN_ONLY=0 SKIP_LOCAL_PRETRAIN=1 SKIP_LOCAL_META=1 ENABLE_FEDTL_FT=1 ENABLE_FED_NORMAL_META_PROPOSED=0 FED_NORMAL_META_SELF_FLOOR=0.3 SKIP_FED_NORMAL_META=1 FED_NORMAL_META_RESTORE_BEST=0 FED_NORMAL_META_SAVE_BEST=0 FED_NORMAL_META_USE_BEST=0 ENABLE_SELECTIVE_FED_NORMAL_META=0 SELECTIVE_FED_META_PROXY_RATIO=0.2 SELECTIVE_FED_META_SELF_FLOOR=0.5 SELECTIVE_FED_META_GAIN_MARGIN=0.0 SELECTIVE_FED_META_GAIN_GAMMA=1.0 HWA_PRETRAIN_LOSS=0 HWA_META_LOSS=0 HWA_SELECTIVE_PROXY_LOSS=0 HWA_WIND_FEATURE_INDEX=0 HWA_WIND_THRESHOLD=10.0 HWA_WIND_RAMP_END=13.9 HWA_HIGH_WIND_WEIGHT=4.0 HWA_PRETRAIN_WINDOWED=0 ENABLE_TARGET_AWARE_META_NOFT=0 SKIP_TARGET_AWARE_PRETRAIN=0 SKIP_TARGET_AWARE_META=0 ENABLE_TARGET_AWARE_SELECTIVE_FED_META=0 SKIP_TARGET_AWARE_SELECTIVE_FED_META=0 ENABLE_TARGET_AWARE_SELECTIVE_FED_LOCAL_FT=0 ENABLE_LEGACY_LOCAL_FT=0 ENABLE_TARGET_AWARE_META_BIAS_CAL=0 ENABLE_TARGET_AWARE_SELECTIVE_FED_BIAS_CAL=0 SKIP_LEGACY_EXTREME_ADAPTATION=1 TARGET_AWARE_PRETRAIN_HWA_LOSS=1 TARGET_AWARE_META_CDRM_WEIGHT=0.0 TARGET_AWARE_META_SIM_FLOOR=0.05 TARGET_AWARE_META_TASK_WEIGHT_ETA=1.0 TARGET_AWARE_META_WIND_MEAN_THRESHOLD=13.9 TARGET_AWARE_META_WIND_MAX_THRESHOLD=17.2 TARGET_AWARE_META_MIN_EXTREME_POINTS=3 TARGET_AWARE_SELECTIVE_FED_TOP_K=1 TARGET_AWARE_SELECTIVE_FED_SELF_FLOOR=0.7 TARGET_AWARE_SELECTIVE_FED_SOURCE_ALPHA_CAP=0.3 TARGET_AWARE_SELECTIVE_FED_ALPHA_GRID= TARGET_AWARE_SELECTIVE_FED_GAIN_MARGIN=0.0 TARGET_AWARE_SELECTIVE_FED_GAIN_GAMMA=1.0 TARGET_AWARE_SELECTIVE_FED_PROXY_NORMAL_MAX_WINDOWS=8 TARGET_AWARE_SELECTIVE_FED_PROXY_EXTREME_WEIGHT=2.0 TARGET_AWARE_SELECTIVE_FED_PROXY_NORMAL_WEIGHT=1.0 TARGET_AWARE_SELECTIVE_FED_BIAS_CAL_MIN=0.0 TARGET_AWARE_SELECTIVE_FED_BIAS_CAL_MAX=0.15 GLOBAL_SEED=1029 META_TASKS_PER_EPOCH=2 META_SUPPORT_SHOTS=4 META_QUERY_SHOTS=4 EVAL_MODEL_SET=fedtl-ft SKIP_EXTREME_ADAPTATION_STAGE=0 PROPOSED_META_SAMPLER_MODE=balanced PRETRAIN_EPOCHS=1000 PROPOSED_META_EPOCHS=1000 META_ONLY_META_EPOCHS=1000 FEW_SHOT_EPOCHS=5 FEW_SHOT_LR=5e-5 EXTREME_TARGET_REFINEMENT_EPOCHS=5 EXTREME_SUPPORT_WINDOW_CAP=0 EXTREME_TARGET_ADAPT_MAX_WINDOWS=0 PRETRAIN_LOG_INTERVAL=50 META_LOG_INTERVAL=50 FEW_SHOT_LOG_INTERVAL=1
exec /root/miniconda3/bin/python -u DemoModelTraining.py
======================================================================
======================================================================
数据协议配置
======================================================================
  protocol_name: four_client_2h_6point_high_wind_spring_noft_protocol
  protocol_data_dir: /tmp/wpf-worktrees/restore-raw-data-83688a3/WPF-under-extreme-weather-main/protocol_data/high_wind_spring_noft_four_client
  protocol_metadata_path: /tmp/wpf-worktrees/restore-raw-data-83688a3/WPF-under-extreme-weather-main/protocol_data/high_wind_spring_noft_four_client/protocol_metadata.json
  yearly_protocol_enabled: True
  seasonal_protocol_enabled: False
  sample_interval_hours: 2
  downsample_offset: 1
  len_realp: 6
  points_per_day: 12
  window_span_hours: 12
  artifact_dir: artifacts/high_wind_spring_noft_four_client/pilot-1k-fedtl-ft5
  model_output_dir: artifacts/high_wind_spring_noft_four_client/pilot-1k-fedtl-ft5/models
  base_model_output_dir: artifacts/high_wind_spring_noft_four_client/pilot-1k/models
  target_aware_base_model_output_dir: artifacts/high_wind_spring_noft_four_client/pilot-1k-fedtl-ft5/models
  target_aware_selective_fed_base_model_output_dir: artifacts/high_wind_spring_noft_four_client/pilot-1k-fedtl-ft5/models
  local_pretrain_init_model_dir: (none)
  local_meta_init_model_dir: (none)
  target_aware_pretrain_init_model_dir: (none)
  target_aware_meta_init_model_dir: (none)
  target_aware_selective_fed_meta_init_model_dir: (none)
  local_pretrain_epoch_offset: 0
  local_meta_epoch_offset: 0
  target_aware_pretrain_epoch_offset: 0
  target_aware_meta_epoch_offset: 0
  target_aware_selective_fed_meta_epoch_offset: 0
  logs_train_dir: artifacts/high_wind_spring_noft_four_client/pilot-1k-fedtl-ft5/logs_train
  train_pretrain_only: False
  run_federated_pretrain: True
  enable_fedtl_ft: True
  enable_fed_normal_meta_proposed: False
  fed_normal_meta_self_floor: 0.3
  skip_fed_normal_meta: True
  fed_normal_meta_restore_best: False
  fed_normal_meta_save_best: False
  fed_normal_meta_use_best: False
  enable_selective_fed_normal_meta: False
  selective_fed_meta_proxy_ratio: 0.2
  selective_fed_meta_self_floor: 0.5
  selective_fed_meta_gain_margin: 0.0
  selective_fed_meta_gain_gamma: 1.0
  hwa_pretrain_loss: False
  hwa_meta_loss: False
  hwa_selective_proxy_loss: False
  hwa_wind_feature_index: 0
  hwa_wind_threshold: 10.0
  hwa_wind_ramp_end: 13.9
  hwa_high_wind_weight: 4.0
  hwa_pretrain_windowed: False
  enable_target_aware_meta_noft: False
  skip_target_aware_pretrain: False
  skip_target_aware_meta: False
  enable_target_aware_selective_fed_meta: False
  skip_target_aware_selective_fed_meta: False
  enable_target_aware_selective_fed_local_ft: False
  skip_legacy_extreme_adaptation: True
  target_aware_pretrain_hwa_loss: True
  target_aware_meta_cdrm_weight: 0.0
  target_aware_meta_sim_floor: 0.05
  target_aware_meta_task_weight_eta: 1.0
  target_aware_meta_wind_mean_threshold: 13.9
  target_aware_meta_wind_max_threshold: 17.2
  target_aware_meta_min_extreme_points: 3
  target_aware_selective_fed_top_k: 1
  target_aware_selective_fed_self_floor: 0.7
  target_aware_selective_fed_source_alpha_cap: 0.3
  target_aware_selective_fed_alpha_grid: (auto)
  target_aware_selective_fed_gain_margin: 0.0
  target_aware_selective_fed_proxy_normal_max_windows: 8
  target_aware_selective_fed_proxy_extreme_weight: 2.0
  target_aware_selective_fed_proxy_normal_weight: 1.0
  global_seed: 1029
  skip_extreme_adaptation_stage: False
  few_shot_lr: 5e-05
======================================================================
联邦模式：加载4个场站数据（59, 60, 62, 63）
======================================================================
  加载 /tmp/wpf-worktrees/restore-raw-data-83688a3/WPF-under-extreme-weather-main/protocol_data/high_wind_spring_noft_four_client/59wf_4_train.mat...
  加载 /tmp/wpf-worktrees/restore-raw-data-83688a3/WPF-under-extreme-weather-main/protocol_data/high_wind_spring_noft_four_client/60wf_4_train.mat...
  加载 /tmp/wpf-worktrees/restore-raw-data-83688a3/WPF-under-extreme-weather-main/protocol_data/high_wind_spring_noft_four_client/62wf_4_train.mat...
  加载 /tmp/wpf-worktrees/restore-raw-data-83688a3/WPF-under-extreme-weather-main/protocol_data/high_wind_spring_noft_four_client/63wf_4_train.mat...

======================================================================
准备所有场站的完整数据（元训练+极端天气+测试集）
======================================================================

准备联邦客户端数据（常规天气）...
  处理场站 59...
    shape: (1, 318, 5) → (1, 318, 1)
  处理场站 60...
    shape: (1, 323, 5) → (1, 323, 1)
  处理场站 62...
    shape: (1, 319, 5) → (1, 319, 1)
  处理场站 63...
    shape: (1, 324, 5) → (1, 324, 1)
  总数据量: 1284 样本

准备所有场站的元训练和测试数据（4场站一视同仁）...

  场站 59:
    测试集2023: (2, 6, 1)
    聚类类别: 4类
    极端天气: 1类

  场站 60:
    测试集2023: (2, 6, 1)
    聚类类别: 4类
    极端天气: 1类

  场站 62:
    测试集2023: (2, 6, 1)
    聚类类别: 4类
    极端天气: 1类

  场站 63:
    测试集2023: (2, 6, 1)
    聚类类别: 4类
    极端天气: 1类

✓ 所有场站数据准备完成！
#########################################################################——————————联邦预训练（Federation Pre-train）——————————############################################################
客户端数量: 4, 场站: 59, 60, 62, 63
1.8908591270446777
[Epoch 0/1000] [loss_mse: 0.431483] 
2.821434736251831
[Epoch 1/1000] [loss_mse: 0.429833] 
3.2870523929595947
[Epoch 2/1000] [loss_mse: 0.429818] 
3.680422306060791
[Epoch 3/1000] [loss_mse: 0.427735] 
4.0915491580963135
[Epoch 4/1000] [loss_mse: 0.426912] 
4.415367841720581
[Epoch 5/1000] [loss_mse: 0.427073] 
4.8008387088775635
[Epoch 6/1000] [loss_mse: 0.425384] 
5.110550403594971
[Epoch 7/1000] [loss_mse: 0.425250] 
5.4218549728393555
[Epoch 8/1000] [loss_mse: 0.424528] 
6.300466060638428
[Epoch 9/1000] [loss_mse: 0.422095] 
22.9151508808136
[Epoch 49/1000] [loss_mse: 0.380306] 
40.21098709106445
[Epoch 99/1000] [loss_mse: 0.286048] 
57.70024847984314
[Epoch 149/1000] [loss_mse: 0.123301] 
76.60819864273071
[Epoch 199/1000] [loss_mse: 0.111651] 
92.67863702774048
[Epoch 249/1000] [loss_mse: 0.095882] 
109.89684176445007
[Epoch 299/1000] [loss_mse: 0.076894] 
124.79708218574524
[Epoch 349/1000] [loss_mse: 0.068984] 
139.9093291759491
[Epoch 399/1000] [loss_mse: 0.062633] 
154.41762614250183
[Epoch 449/1000] [loss_mse: 0.054877] 
169.1226770877838
[Epoch 499/1000] [loss_mse: 0.056488] 
190.12484169006348
[Epoch 549/1000] [loss_mse: 0.050196] 
205.80616521835327
[Epoch 599/1000] [loss_mse: 0.049946] 
221.31054306030273
[Epoch 649/1000] [loss_mse: 0.050964] 
236.9293622970581
[Epoch 699/1000] [loss_mse: 0.047861] 
252.12512516975403
[Epoch 749/1000] [loss_mse: 0.040759] 
267.1165277957916
[Epoch 799/1000] [loss_mse: 0.042970] 
282.0015404224396
[Epoch 849/1000] [loss_mse: 0.044656] 
298.4121415615082
[Epoch 899/1000] [loss_mse: 0.041057] 
313.39865350723267
[Epoch 949/1000] [loss_mse: 0.040715] 
328.1124646663666
[Epoch 999/1000] [loss_mse: 0.041100] 
  收敛检测[federated_pretrain:all_stations]: 未收敛 (best_epoch=988, best_loss=0.036559, final_loss=0.041100)

✓ 联邦预训练完成: artifacts/high_wind_spring_noft_four_client/pilot-1k-fedtl-ft5/models/model_fore_pre_federated.pth

======================================================================
开始本地元训练: station 59
======================================================================
✓ 跳过本地元训练，复用已有 checkpoint: artifacts/high_wind_spring_noft_four_client/pilot-1k/models/model_fore_train_task_query_local_meta_station59.pth

======================================================================
开始本地元训练: station 60
======================================================================
✓ 跳过本地元训练，复用已有 checkpoint: artifacts/high_wind_spring_noft_four_client/pilot-1k/models/model_fore_train_task_query_local_meta_station60.pth

======================================================================
开始本地元训练: station 62
======================================================================
✓ 跳过本地元训练，复用已有 checkpoint: artifacts/high_wind_spring_noft_four_client/pilot-1k/models/model_fore_train_task_query_local_meta_station62.pth

======================================================================
开始本地元训练: station 63
======================================================================
✓ 跳过本地元训练，复用已有 checkpoint: artifacts/high_wind_spring_noft_four_client/pilot-1k/models/model_fore_train_task_query_local_meta_station63.pth
##################################################################——————————test_task_support（Few-shot适应：共4个模型）——————————############################################################

======================================================================
场站 59 的Few-shot适应
======================================================================

  极端天气类别 1 (HighWind):
    样本数: 2
    训练轮数: 5, few-shot loss=MSE
    adapt/val: 1 / 1
      [FedTL-FT] [Epoch 1/5] [loss_mse: 0.206340] [anchor_loss: 0.000000]
      [FedTL-FT] [Epoch 2/5] [loss_mse: 0.190086] [anchor_loss: 0.000000]
      [FedTL-FT] [Epoch 3/5] [loss_mse: 0.153640] [anchor_loss: 0.000000]
      [FedTL-FT] [Epoch 4/5] [loss_mse: 0.170263] [anchor_loss: 0.000000]
      [FedTL-FT] [Epoch 5/5] [loss_mse: 0.185142] [anchor_loss: 0.000000]
  收敛检测[few_shot:fedtl_ft_station59_class0]: 未收敛 (best_epoch=3, best_loss=0.153640, final_loss=0.185142)
    ✓ 保存(FedTL-FT): artifacts/high_wind_spring_noft_four_client/pilot-1k-fedtl-ft5/models/model_fore_station59_extreme0_fedtl_ft.pth

======================================================================
场站 60 的Few-shot适应
======================================================================

  极端天气类别 1 (HighWind):
    样本数: 2
    训练轮数: 5, few-shot loss=MSE
    adapt/val: 1 / 1
      [FedTL-FT] [Epoch 1/5] [loss_mse: 0.088357] [anchor_loss: 0.000000]
      [FedTL-FT] [Epoch 2/5] [loss_mse: 0.084464] [anchor_loss: 0.000000]
      [FedTL-FT] [Epoch 3/5] [loss_mse: 0.086025] [anchor_loss: 0.000000]
      [FedTL-FT] [Epoch 4/5] [loss_mse: 0.076184] [anchor_loss: 0.000000]
      [FedTL-FT] [Epoch 5/5] [loss_mse: 0.121805] [anchor_loss: 0.000000]
  收敛检测[few_shot:fedtl_ft_station60_class0]: 未收敛 (best_epoch=4, best_loss=0.076184, final_loss=0.121805)
    ✓ 保存(FedTL-FT): artifacts/high_wind_spring_noft_four_client/pilot-1k-fedtl-ft5/models/model_fore_station60_extreme0_fedtl_ft.pth

======================================================================
场站 62 的Few-shot适应
======================================================================

  极端天气类别 1 (HighWind):
    样本数: 2
    训练轮数: 5, few-shot loss=MSE
    adapt/val: 1 / 1
      [FedTL-FT] [Epoch 1/5] [loss_mse: 0.184029] [anchor_loss: 0.000000]
      [FedTL-FT] [Epoch 2/5] [loss_mse: 0.162693] [anchor_loss: 0.000000]
      [FedTL-FT] [Epoch 3/5] [loss_mse: 0.159519] [anchor_loss: 0.000000]
      [FedTL-FT] [Epoch 4/5] [loss_mse: 0.143793] [anchor_loss: 0.000000]
      [FedTL-FT] [Epoch 5/5] [loss_mse: 0.195742] [anchor_loss: 0.000000]
  收敛检测[few_shot:fedtl_ft_station62_class0]: 未收敛 (best_epoch=4, best_loss=0.143793, final_loss=0.195742)
    ✓ 保存(FedTL-FT): artifacts/high_wind_spring_noft_four_client/pilot-1k-fedtl-ft5/models/model_fore_station62_extreme0_fedtl_ft.pth

======================================================================
场站 63 的Few-shot适应
======================================================================

  极端天气类别 1 (HighWind):
    样本数: 3
    训练轮数: 5, few-shot loss=MSE
    adapt/val: 2 / 1
      [FedTL-FT] [Epoch 1/5] [loss_mse: 0.115835] [anchor_loss: 0.000000]
      [FedTL-FT] [Epoch 2/5] [loss_mse: 0.098660] [anchor_loss: 0.000000]
      [FedTL-FT] [Epoch 3/5] [loss_mse: 0.119666] [anchor_loss: 0.000000]
      [FedTL-FT] [Epoch 4/5] [loss_mse: 0.109365] [anchor_loss: 0.000000]
      [FedTL-FT] [Epoch 5/5] [loss_mse: 0.095061] [anchor_loss: 0.000000]
  收敛检测[few_shot:fedtl_ft_station63_class0]: 未收敛 (best_epoch=5, best_loss=0.095061, final_loss=0.095061)
    ✓ 保存(FedTL-FT): artifacts/high_wind_spring_noft_four_client/pilot-1k-fedtl-ft5/models/model_fore_station63_extreme0_fedtl_ft.pth

✓ Few-shot训练完成，生成了 4 个个性化模型

======================================================================
生成所有场站的测试预测结果
======================================================================

场站 59 预测:
  ✓ 极端类别1(HighWind)（Pretrain/Local-Meta-NoFT）

场站 60 预测:
  ✓ 极端类别1(HighWind)（Pretrain/Local-Meta-NoFT）

场站 62 预测:
  ✓ 极端类别1(HighWind)（Pretrain/Local-Meta-NoFT）

场站 63 预测:
  ✓ 极端类别1(HighWind)（Pretrain/Local-Meta-NoFT）

保存所有场站测试结果...
✓ 已保存: artifacts/high_wind_spring_noft_four_client/pilot-1k-fedtl-ft5/all_stations_test_results.mat
✓ 收敛检测报告已保存: artifacts/high_wind_spring_noft_four_client/pilot-1k-fedtl-ft5/training_convergence_report.json

======================================================================
✓✓✓ 训练和测试全部完成！
生成的个性化微调模型: 4个（含 ）
======================================================================
