======================================================================
联邦模式：加载3个场站数据（58/59/60）
======================================================================
  加载 58wf_4_train.mat...
  加载 59wf_4_train.mat...
  加载 60wf_4_train.mat...

======================================================================
准备所有场站的完整数据（元训练+极端天气+测试集）
======================================================================

准备联邦客户端数据（常规天气）...
  处理场站 58...
    shape: (1, 16550, 5) → (1, 16550, 1)
  处理场站 59...
    shape: (1, 16732, 5) → (1, 16732, 1)
  处理场站 60...
    shape: (1, 16693, 5) → (1, 16693, 1)
  总数据量: 49975 样本

准备所有场站的元训练和测试数据（3场站一视同仁）...

  场站 58:
    测试集2023: (730, 12, 1)
    聚类类别: 10类
    极端天气: 4类

  场站 59:
    测试集2023: (730, 12, 1)
    聚类类别: 10类
    极端天气: 4类

  场站 60:
    测试集2023: (730, 12, 1)
    聚类类别: 10类
    极端天气: 4类

✓ 所有场站数据准备完成！
#########################################################################——————————本地预训练（Local Pre-train）——————————############################################################
场站数量: 3, 场站: 58, 59, 60

======================================================================
开始本地预训练: station 58
======================================================================
0.08775830268859863
[station 58] [Epoch 0/35000] [loss_mse: 0.168706] 
0.11688876152038574
[station 58] [Epoch 1/35000] [loss_mse: 0.168272] 
0.14105582237243652
[station 58] [Epoch 2/35000] [loss_mse: 0.167798] 
0.16376948356628418
[station 58] [Epoch 3/35000] [loss_mse: 0.167576] 
0.1865553855895996
[station 58] [Epoch 4/35000] [loss_mse: 0.166772] 
0.21086430549621582
[station 58] [Epoch 5/35000] [loss_mse: 0.166515] 
0.23392343521118164
[station 58] [Epoch 6/35000] [loss_mse: 0.165882] 
0.25342702865600586
[station 58] [Epoch 7/35000] [loss_mse: 0.165300] 
0.27945446968078613
[station 58] [Epoch 8/35000] [loss_mse: 0.164979] 
0.2994992733001709
[station 58] [Epoch 9/35000] [loss_mse: 0.164143] 
2.1014084815979004
[station 58] [Epoch 99/35000] [loss_mse: 0.105847] 
4.356017589569092
[station 58] [Epoch 199/35000] [loss_mse: 0.055550] 
6.645558595657349
[station 58] [Epoch 299/35000] [loss_mse: 0.048196] 
9.04262638092041
[station 58] [Epoch 399/35000] [loss_mse: 0.043520] 
11.347886800765991
[station 58] [Epoch 499/35000] [loss_mse: 0.042197] 
13.616068124771118
[station 58] [Epoch 599/35000] [loss_mse: 0.040487] 
15.77452278137207
[station 58] [Epoch 699/35000] [loss_mse: 0.039429] 
18.118590354919434
[station 58] [Epoch 799/35000] [loss_mse: 0.039599] 
20.453152656555176
[station 58] [Epoch 899/35000] [loss_mse: 0.037979] 
22.64956283569336
[station 58] [Epoch 999/35000] [loss_mse: 0.037972] 
24.81608533859253
[station 58] [Epoch 1099/35000] [loss_mse: 0.037029] 
27.01809334754944
[station 58] [Epoch 1199/35000] [loss_mse: 0.036820] 
29.011167526245117
[station 58] [Epoch 1299/35000] [loss_mse: 0.036235] 
30.932164907455444
[station 58] [Epoch 1399/35000] [loss_mse: 0.035738] 
33.01024794578552
[station 58] [Epoch 1499/35000] [loss_mse: 0.035621] 
35.44172716140747
[station 58] [Epoch 1599/35000] [loss_mse: 0.034711] 
37.7107207775116
[station 58] [Epoch 1699/35000] [loss_mse: 0.034098] 
39.98226284980774
[station 58] [Epoch 1799/35000] [loss_mse: 0.033254] 
42.109614849090576
[station 58] [Epoch 1899/35000] [loss_mse: 0.032507] 
44.29259419441223
[station 58] [Epoch 1999/35000] [loss_mse: 0.032364] 
46.46131420135498
[station 58] [Epoch 2099/35000] [loss_mse: 0.031714] 
48.61751675605774
[station 58] [Epoch 2199/35000] [loss_mse: 0.031168] 
50.75213265419006
[station 58] [Epoch 2299/35000] [loss_mse: 0.030248] 
53.05985927581787
[station 58] [Epoch 2399/35000] [loss_mse: 0.029636] 
55.31592297554016
[station 58] [Epoch 2499/35000] [loss_mse: 0.029317] 
57.70384430885315
[station 58] [Epoch 2599/35000] [loss_mse: 0.027672] 
59.9699604511261
[station 58] [Epoch 2699/35000] [loss_mse: 0.027996] 
62.293519258499146
[station 58] [Epoch 2799/35000] [loss_mse: 0.026404] 
64.69319343566895
[station 58] [Epoch 2899/35000] [loss_mse: 0.025744] 
67.07253670692444
[station 58] [Epoch 2999/35000] [loss_mse: 0.026334] 
69.42800879478455
[station 58] [Epoch 3099/35000] [loss_mse: 0.024732] 
71.82672667503357
[station 58] [Epoch 3199/35000] [loss_mse: 0.024236] 
74.08140969276428
[station 58] [Epoch 3299/35000] [loss_mse: 0.024464] 
76.53064322471619
[station 58] [Epoch 3399/35000] [loss_mse: 0.023408] 
78.96641731262207
[station 58] [Epoch 3499/35000] [loss_mse: 0.023266] 
81.19872760772705
[station 58] [Epoch 3599/35000] [loss_mse: 0.022968] 
83.44995784759521
[station 58] [Epoch 3699/35000] [loss_mse: 0.022985] 
85.8022871017456
[station 58] [Epoch 3799/35000] [loss_mse: 0.022489] 
88.15787959098816
[station 58] [Epoch 3899/35000] [loss_mse: 0.021976] 
90.45281744003296
[station 58] [Epoch 3999/35000] [loss_mse: 0.021657] 
92.80201363563538
[station 58] [Epoch 4099/35000] [loss_mse: 0.021783] 
95.16416621208191
[station 58] [Epoch 4199/35000] [loss_mse: 0.021214] 
97.47864079475403
[station 58] [Epoch 4299/35000] [loss_mse: 0.021240] 
99.76412677764893
[station 58] [Epoch 4399/35000] [loss_mse: 0.020679] 
101.95460271835327
[station 58] [Epoch 4499/35000] [loss_mse: 0.020481] 
104.38546085357666
[station 58] [Epoch 4599/35000] [loss_mse: 0.020375] 
106.6767680644989
[station 58] [Epoch 4699/35000] [loss_mse: 0.019996] 
108.95686483383179
[station 58] [Epoch 4799/35000] [loss_mse: 0.019626] 
  收敛检测[local_pretrain:58]: 首次达到收敛条件 @ epoch 4809 (best_epoch=4609, best_loss=0.019699, final_loss=0.019690)
111.29034614562988
[station 58] [Epoch 4899/35000] [loss_mse: 0.019764] 
113.69017958641052
[station 58] [Epoch 4999/35000] [loss_mse: 0.019189] 
116.14512324333191
[station 58] [Epoch 5099/35000] [loss_mse: 0.019360] 
118.62298130989075
[station 58] [Epoch 5199/35000] [loss_mse: 0.019039] 
  收敛检测[local_pretrain:58]: 首次达到收敛条件 @ epoch 5244 (best_epoch=5044, best_loss=0.018737, final_loss=0.019321)
121.00729489326477
[station 58] [Epoch 5299/35000] [loss_mse: 0.019061] 
123.40484476089478
[station 58] [Epoch 5399/35000] [loss_mse: 0.019049] 
125.83959245681763
[station 58] [Epoch 5499/35000] [loss_mse: 0.018414] 
128.257878780365
[station 58] [Epoch 5599/35000] [loss_mse: 0.018195] 
130.66952466964722
[station 58] [Epoch 5699/35000] [loss_mse: 0.018394] 
133.06090188026428
[station 58] [Epoch 5799/35000] [loss_mse: 0.018114] 
135.46790266036987
[station 58] [Epoch 5899/35000] [loss_mse: 0.018128] 
137.8034110069275
[station 58] [Epoch 5999/35000] [loss_mse: 0.018014] 
140.22737908363342
[station 58] [Epoch 6099/35000] [loss_mse: 0.018029] 
142.6797432899475
[station 58] [Epoch 6199/35000] [loss_mse: 0.017373] 
145.20000076293945
[station 58] [Epoch 6299/35000] [loss_mse: 0.017642] 
147.66344022750854
[station 58] [Epoch 6399/35000] [loss_mse: 0.017135] 
149.8945038318634
[station 58] [Epoch 6499/35000] [loss_mse: 0.017053] 
152.14807295799255
[station 58] [Epoch 6599/35000] [loss_mse: 0.016991] 
  收敛检测[local_pretrain:58]: 首次达到收敛条件 @ epoch 6698 (best_epoch=6498, best_loss=0.016549, final_loss=0.016821)
154.5425169467926
[station 58] [Epoch 6699/35000] [loss_mse: 0.016900] 
156.90843391418457
[station 58] [Epoch 6799/35000] [loss_mse: 0.016610] 
159.2096974849701
[station 58] [Epoch 6899/35000] [loss_mse: 0.016418] 
  收敛检测[local_pretrain:58]: 首次达到收敛条件 @ epoch 6988 (best_epoch=6788, best_loss=0.016061, final_loss=0.016556)
161.43790578842163
[station 58] [Epoch 6999/35000] [loss_mse: 0.016724] 
163.87995529174805
[station 58] [Epoch 7099/35000] [loss_mse: 0.016380] 
166.3367109298706
[station 58] [Epoch 7199/35000] [loss_mse: 0.016609] 
168.69153785705566
[station 58] [Epoch 7299/35000] [loss_mse: 0.015843] 
170.95218873023987
[station 58] [Epoch 7399/35000] [loss_mse: 0.015945] 
173.30228328704834
[station 58] [Epoch 7499/35000] [loss_mse: 0.015535] 
175.73928809165955
[station 58] [Epoch 7599/35000] [loss_mse: 0.015684] 
177.98954558372498
[station 58] [Epoch 7699/35000] [loss_mse: 0.015545] 
  收敛检测[local_pretrain:58]: 首次达到收敛条件 @ epoch 7790 (best_epoch=7590, best_loss=0.015202, final_loss=0.015563)
180.2575716972351
[station 58] [Epoch 7799/35000] [loss_mse: 0.015230] 
182.62622499465942
[station 58] [Epoch 7899/35000] [loss_mse: 0.015524] 
184.82116961479187
[station 58] [Epoch 7999/35000] [loss_mse: 0.015621] 
187.1190893650055
[station 58] [Epoch 8099/35000] [loss_mse: 0.014919] 
189.46394515037537
[station 58] [Epoch 8199/35000] [loss_mse: 0.015326] 
191.82121586799622
[station 58] [Epoch 8299/35000] [loss_mse: 0.015314] 
194.23425960540771
[station 58] [Epoch 8399/35000] [loss_mse: 0.015180] 
  收敛检测[local_pretrain:58]: 首次达到收敛条件 @ epoch 8497 (best_epoch=8297, best_loss=0.014454, final_loss=0.014799)
196.40742206573486
[station 58] [Epoch 8499/35000] [loss_mse: 0.014877] 
198.66776990890503
[station 58] [Epoch 8599/35000] [loss_mse: 0.014667] 
200.9284462928772
[station 58] [Epoch 8699/35000] [loss_mse: 0.014704] 
203.13015723228455
[station 58] [Epoch 8799/35000] [loss_mse: 0.014404] 
205.46226620674133
[station 58] [Epoch 8899/35000] [loss_mse: 0.014426] 
207.80937004089355
[station 58] [Epoch 8999/35000] [loss_mse: 0.014236] 
  收敛检测[local_pretrain:58]: 首次达到收敛条件 @ epoch 9061 (best_epoch=8861, best_loss=0.013949, final_loss=0.014466)
210.07354021072388
[station 58] [Epoch 9099/35000] [loss_mse: 0.014443] 
212.388010263443
[station 58] [Epoch 9199/35000] [loss_mse: 0.014233] 
214.74090027809143
[station 58] [Epoch 9299/35000] [loss_mse: 0.014336] 
217.09779572486877
[station 58] [Epoch 9399/35000] [loss_mse: 0.014102] 
  收敛检测[local_pretrain:58]: 首次达到收敛条件 @ epoch 9436 (best_epoch=9236, best_loss=0.013684, final_loss=0.014292)
219.37032270431519
[station 58] [Epoch 9499/35000] [loss_mse: 0.014017] 
221.69272565841675
[station 58] [Epoch 9599/35000] [loss_mse: 0.014040] 
224.00045609474182
[station 58] [Epoch 9699/35000] [loss_mse: 0.013558] 
226.4570767879486
[station 58] [Epoch 9799/35000] [loss_mse: 0.013854] 
228.70833325386047
[station 58] [Epoch 9899/35000] [loss_mse: 0.013613] 
230.7479031085968
[station 58] [Epoch 9999/35000] [loss_mse: 0.013738] 
233.10989594459534
[station 58] [Epoch 10099/35000] [loss_mse: 0.013283] 
235.43710112571716
[station 58] [Epoch 10199/35000] [loss_mse: 0.013592] 
  收敛检测[local_pretrain:58]: 首次达到收敛条件 @ epoch 10295 (best_epoch=10095, best_loss=0.013013, final_loss=0.013277)
237.5928316116333
[station 58] [Epoch 10299/35000] [loss_mse: 0.013306] 
239.86210322380066
[station 58] [Epoch 10399/35000] [loss_mse: 0.013279] 
242.29174399375916
[station 58] [Epoch 10499/35000] [loss_mse: 0.013239] 
244.6468472480774
[station 58] [Epoch 10599/35000] [loss_mse: 0.013315] 
246.95815014839172
[station 58] [Epoch 10699/35000] [loss_mse: 0.013251] 
  收敛检测[local_pretrain:58]: 首次达到收敛条件 @ epoch 10766 (best_epoch=10566, best_loss=0.012756, final_loss=0.013105)
249.2300260066986
[station 58] [Epoch 10799/35000] [loss_mse: 0.012946] 
251.72781944274902
[station 58] [Epoch 10899/35000] [loss_mse: 0.012898] 
254.11839962005615
[station 58] [Epoch 10999/35000] [loss_mse: 0.012708] 
256.5138535499573
[station 58] [Epoch 11099/35000] [loss_mse: 0.012967] 
  收敛检测[local_pretrain:58]: 首次达到收敛条件 @ epoch 11131 (best_epoch=10931, best_loss=0.012653, final_loss=0.013014)
258.85932421684265
[station 58] [Epoch 11199/35000] [loss_mse: 0.012793] 
261.13403725624084
[station 58] [Epoch 11299/35000] [loss_mse: 0.012644] 
263.3095123767853
[station 58] [Epoch 11399/35000] [loss_mse: 0.012770] 
265.6528127193451
[station 58] [Epoch 11499/35000] [loss_mse: 0.012849] 
  收敛检测[local_pretrain:58]: 首次达到收敛条件 @ epoch 11526 (best_epoch=11326, best_loss=0.012288, final_loss=0.012768)
268.0765097141266
[station 58] [Epoch 11599/35000] [loss_mse: 0.012765] 
270.4783248901367
[station 58] [Epoch 11699/35000] [loss_mse: 0.012708] 
272.74549174308777
[station 58] [Epoch 11799/35000] [loss_mse: 0.012282] 
275.07141494750977
[station 58] [Epoch 11899/35000] [loss_mse: 0.012508] 
277.3719570636749
[station 58] [Epoch 11999/35000] [loss_mse: 0.012554] 
279.75363397598267
[station 58] [Epoch 12099/35000] [loss_mse: 0.012400] 
282.02439403533936
[station 58] [Epoch 12199/35000] [loss_mse: 0.012577] 
284.41030740737915
[station 58] [Epoch 12299/35000] [loss_mse: 0.012338] 
286.6127381324768
[station 58] [Epoch 12399/35000] [loss_mse: 0.012259] 
288.9676728248596
[station 58] [Epoch 12499/35000] [loss_mse: 0.012055] 
  收敛检测[local_pretrain:58]: 首次达到收敛条件 @ epoch 12518 (best_epoch=12318, best_loss=0.011718, final_loss=0.012225)
291.3472306728363
[station 58] [Epoch 12599/35000] [loss_mse: 0.012130] 
293.7445330619812
[station 58] [Epoch 12699/35000] [loss_mse: 0.012416] 
296.09654426574707
[station 58] [Epoch 12799/35000] [loss_mse: 0.012235] 
298.34677505493164
[station 58] [Epoch 12899/35000] [loss_mse: 0.012192] 
300.42245173454285
[station 58] [Epoch 12999/35000] [loss_mse: 0.012109] 
302.5999047756195
[station 58] [Epoch 13099/35000] [loss_mse: 0.011934] 
304.88362669944763
[station 58] [Epoch 13199/35000] [loss_mse: 0.012110] 
  收敛检测[local_pretrain:58]: 首次达到收敛条件 @ epoch 13214 (best_epoch=13014, best_loss=0.011314, final_loss=0.012096)
307.08330154418945
[station 58] [Epoch 13299/35000] [loss_mse: 0.011804] 
309.38453698158264
[station 58] [Epoch 13399/35000] [loss_mse: 0.011933] 
311.6072587966919
[station 58] [Epoch 13499/35000] [loss_mse: 0.011575] 
313.89798736572266
[station 58] [Epoch 13599/35000] [loss_mse: 0.011851] 
316.2949740886688
[station 58] [Epoch 13699/35000] [loss_mse: 0.011692] 
318.66523718833923
[station 58] [Epoch 13799/35000] [loss_mse: 0.011653] 
320.92860770225525
[station 58] [Epoch 13899/35000] [loss_mse: 0.011520] 
323.230840921402
[station 58] [Epoch 13999/35000] [loss_mse: 0.011334] 
325.66672015190125
[station 58] [Epoch 14099/35000] [loss_mse: 0.011363] 
328.02271246910095
[station 58] [Epoch 14199/35000] [loss_mse: 0.011378] 
  收敛检测[local_pretrain:58]: 首次达到收敛条件 @ epoch 14266 (best_epoch=14066, best_loss=0.011086, final_loss=0.011152)
330.3997163772583
[station 58] [Epoch 14299/35000] [loss_mse: 0.011284] 
332.55483627319336
[station 58] [Epoch 14399/35000] [loss_mse: 0.011596] 
334.7512547969818
[station 58] [Epoch 14499/35000] [loss_mse: 0.011408] 
336.93769884109497
[station 58] [Epoch 14599/35000] [loss_mse: 0.011097] 
339.1733124256134
[station 58] [Epoch 14699/35000] [loss_mse: 0.011145] 
  收敛检测[local_pretrain:58]: 首次达到收敛条件 @ epoch 14735 (best_epoch=14535, best_loss=0.010883, final_loss=0.011383)
341.3981103897095
[station 58] [Epoch 14799/35000] [loss_mse: 0.011518] 
343.7260284423828
[station 58] [Epoch 14899/35000] [loss_mse: 0.011543] 
346.1147277355194
[station 58] [Epoch 14999/35000] [loss_mse: 0.010979] 
348.4192569255829
[station 58] [Epoch 15099/35000] [loss_mse: 0.011221] 
350.6691644191742
[station 58] [Epoch 15199/35000] [loss_mse: 0.011130] 
353.0400402545929
[station 58] [Epoch 15299/35000] [loss_mse: 0.011229] 
355.4032919406891
[station 58] [Epoch 15399/35000] [loss_mse: 0.011211] 
357.7588691711426
[station 58] [Epoch 15499/35000] [loss_mse: 0.011369] 
  收敛检测[local_pretrain:58]: 首次达到收敛条件 @ epoch 15512 (best_epoch=15312, best_loss=0.010741, final_loss=0.011093)
360.12639927864075
[station 58] [Epoch 15599/35000] [loss_mse: 0.011409] 
362.44230103492737
[station 58] [Epoch 15699/35000] [loss_mse: 0.010842] 
364.83620834350586
[station 58] [Epoch 15799/35000] [loss_mse: 0.011129] 
367.1852090358734
[station 58] [Epoch 15899/35000] [loss_mse: 0.010996] 
  收敛检测[local_pretrain:58]: 首次达到收敛条件 @ epoch 15951 (best_epoch=15751, best_loss=0.010598, final_loss=0.010935)
369.513902425766
[station 58] [Epoch 15999/35000] [loss_mse: 0.011006] 
371.7736599445343
[station 58] [Epoch 16099/35000] [loss_mse: 0.011055] 
374.01647901535034
[station 58] [Epoch 16199/35000] [loss_mse: 0.010898] 
376.38110733032227
[station 58] [Epoch 16299/35000] [loss_mse: 0.011056] 
378.7476415634155
[station 58] [Epoch 16399/35000] [loss_mse: 0.010753] 
381.0456614494324
[station 58] [Epoch 16499/35000] [loss_mse: 0.010726] 
  收敛检测[local_pretrain:58]: 首次达到收敛条件 @ epoch 16552 (best_epoch=16352, best_loss=0.010457, final_loss=0.010715)
383.3555464744568
[station 58] [Epoch 16599/35000] [loss_mse: 0.010925] 
385.8017063140869
[station 58] [Epoch 16699/35000] [loss_mse: 0.010553] 
388.2428185939789
[station 58] [Epoch 16799/35000] [loss_mse: 0.010848] 
390.6254026889801
[station 58] [Epoch 16899/35000] [loss_mse: 0.010821] 
392.86252069473267
[station 58] [Epoch 16999/35000] [loss_mse: 0.010597] 
  收敛检测[local_pretrain:58]: 首次达到收敛条件 @ epoch 17087 (best_epoch=16887, best_loss=0.010330, final_loss=0.010842)
395.16613483428955
[station 58] [Epoch 17099/35000] [loss_mse: 0.010532] 
397.4221966266632
[station 58] [Epoch 17199/35000] [loss_mse: 0.010526] 
399.8646790981293
[station 58] [Epoch 17299/35000] [loss_mse: 0.010596] 
402.17063164711
[station 58] [Epoch 17399/35000] [loss_mse: 0.010560] 
404.5684781074524
[station 58] [Epoch 17499/35000] [loss_mse: 0.010731] 
406.76035952568054
[station 58] [Epoch 17599/35000] [loss_mse: 0.010480] 
408.9704794883728
[station 58] [Epoch 17699/35000] [loss_mse: 0.010475] 
411.3852696418762
[station 58] [Epoch 17799/35000] [loss_mse: 0.010425] 
413.7180588245392
[station 58] [Epoch 17899/35000] [loss_mse: 0.010605] 
416.1111059188843
[station 58] [Epoch 17999/35000] [loss_mse: 0.010367] 
  收敛检测[local_pretrain:58]: 首次达到收敛条件 @ epoch 18006 (best_epoch=17806, best_loss=0.010105, final_loss=0.010536)
418.47898626327515
[station 58] [Epoch 18099/35000] [loss_mse: 0.010603] 
420.8030731678009
[station 58] [Epoch 18199/35000] [loss_mse: 0.010295] 
423.2331793308258
[station 58] [Epoch 18299/35000] [loss_mse: 0.010375] 
  收敛检测[local_pretrain:58]: 首次达到收敛条件 @ epoch 18357 (best_epoch=18157, best_loss=0.009944, final_loss=0.010466)
425.72013664245605
[station 58] [Epoch 18399/35000] [loss_mse: 0.010198] 
428.0201232433319
[station 58] [Epoch 18499/35000] [loss_mse: 0.010544] 
  收敛检测[local_pretrain:58]: 首次达到收敛条件 @ epoch 18571 (best_epoch=18371, best_loss=0.009771, final_loss=0.010065)
430.4212312698364
[station 58] [Epoch 18599/35000] [loss_mse: 0.010421] 
432.752197265625
[station 58] [Epoch 18699/35000] [loss_mse: 0.010245] 
435.11262249946594
[station 58] [Epoch 18799/35000] [loss_mse: 0.010127] 
437.4123351573944
[station 58] [Epoch 18899/35000] [loss_mse: 0.010012] 
439.6680254936218
[station 58] [Epoch 18999/35000] [loss_mse: 0.010114] 
442.08543157577515
[station 58] [Epoch 19099/35000] [loss_mse: 0.010006] 
444.47819089889526
[station 58] [Epoch 19199/35000] [loss_mse: 0.009968] 
446.8894362449646
[station 58] [Epoch 19299/35000] [loss_mse: 0.010413] 
449.29072737693787
[station 58] [Epoch 19399/35000] [loss_mse: 0.010198] 
451.4491491317749
[station 58] [Epoch 19499/35000] [loss_mse: 0.010069] 
453.48094725608826
[station 58] [Epoch 19599/35000] [loss_mse: 0.009967] 
455.85420775413513
[station 58] [Epoch 19699/35000] [loss_mse: 0.010080] 
458.2873833179474
[station 58] [Epoch 19799/35000] [loss_mse: 0.010100] 
460.76043796539307
[station 58] [Epoch 19899/35000] [loss_mse: 0.010180] 
463.12238907814026
[station 58] [Epoch 19999/35000] [loss_mse: 0.010186] 
  收敛检测[local_pretrain:58]: 首次达到收敛条件 @ epoch 20024 (best_epoch=19824, best_loss=0.009626, final_loss=0.010363)
465.40755248069763
[station 58] [Epoch 20099/35000] [loss_mse: 0.009666] 
467.8771550655365
[station 58] [Epoch 20199/35000] [loss_mse: 0.009746] 
470.25469970703125
[station 58] [Epoch 20299/35000] [loss_mse: 0.009848] 
472.7083110809326
[station 58] [Epoch 20399/35000] [loss_mse: 0.010119] 
475.1451325416565
[station 58] [Epoch 20499/35000] [loss_mse: 0.010116] 
477.6034264564514
[station 58] [Epoch 20599/35000] [loss_mse: 0.010180] 
479.810569524765
[station 58] [Epoch 20699/35000] [loss_mse: 0.010196] 
481.9038391113281
[station 58] [Epoch 20799/35000] [loss_mse: 0.009619] 
484.0733575820923
[station 58] [Epoch 20899/35000] [loss_mse: 0.010284] 
  收敛检测[local_pretrain:58]: 首次达到收敛条件 @ epoch 20968 (best_epoch=20768, best_loss=0.009489, final_loss=0.009943)
486.4396860599518
[station 58] [Epoch 20999/35000] [loss_mse: 0.009807] 
488.8132994174957
[station 58] [Epoch 21099/35000] [loss_mse: 0.009966] 
491.2152178287506
[station 58] [Epoch 21199/35000] [loss_mse: 0.010069] 
493.61788177490234
[station 58] [Epoch 21299/35000] [loss_mse: 0.009864] 
496.0052614212036
[station 58] [Epoch 21399/35000] [loss_mse: 0.010206] 
498.356076002121
[station 58] [Epoch 21499/35000] [loss_mse: 0.009843] 
  收敛检测[local_pretrain:58]: 首次达到收敛条件 @ epoch 21560 (best_epoch=21360, best_loss=0.009343, final_loss=0.009861)
500.72914576530457
[station 58] [Epoch 21599/35000] [loss_mse: 0.009730] 
503.0854277610779
[station 58] [Epoch 21699/35000] [loss_mse: 0.009625] 
505.2679924964905
[station 58] [Epoch 21799/35000] [loss_mse: 0.009611] 
507.6156029701233
[station 58] [Epoch 21899/35000] [loss_mse: 0.010134] 
509.9303169250488
[station 58] [Epoch 21999/35000] [loss_mse: 0.010079] 
512.3104336261749
[station 58] [Epoch 22099/35000] [loss_mse: 0.009937] 
514.4482247829437
[station 58] [Epoch 22199/35000] [loss_mse: 0.010201] 
516.6423082351685
[station 58] [Epoch 22299/35000] [loss_mse: 0.009796] 
518.994936466217
[station 58] [Epoch 22399/35000] [loss_mse: 0.009559] 
521.3566958904266
[station 58] [Epoch 22499/35000] [loss_mse: 0.009651] 
523.7104675769806
[station 58] [Epoch 22599/35000] [loss_mse: 0.009745] 
526.0808413028717
[station 58] [Epoch 22699/35000] [loss_mse: 0.009689] 
528.4464099407196
[station 58] [Epoch 22799/35000] [loss_mse: 0.009237] 
530.8588345050812
[station 58] [Epoch 22899/35000] [loss_mse: 0.009684] 
  收敛检测[local_pretrain:58]: 首次达到收敛条件 @ epoch 22927 (best_epoch=22727, best_loss=0.009240, final_loss=0.009661)
533.3321418762207
[station 58] [Epoch 22999/35000] [loss_mse: 0.009559] 
535.783793926239
[station 58] [Epoch 23099/35000] [loss_mse: 0.009583] 
538.0932233333588
[station 58] [Epoch 23199/35000] [loss_mse: 0.009473] 
540.3435616493225
[station 58] [Epoch 23299/35000] [loss_mse: 0.009370] 
542.7156205177307
[station 58] [Epoch 23399/35000] [loss_mse: 0.009605] 
545.1132354736328
[station 58] [Epoch 23499/35000] [loss_mse: 0.009414] 
547.5418238639832
[station 58] [Epoch 23599/35000] [loss_mse: 0.009750] 
549.924394607544
[station 58] [Epoch 23699/35000] [loss_mse: 0.009729] 
552.3288576602936
[station 58] [Epoch 23799/35000] [loss_mse: 0.009277] 
554.657613992691
[station 58] [Epoch 23899/35000] [loss_mse: 0.009621] 
557.0701117515564
[station 58] [Epoch 23999/35000] [loss_mse: 0.009424] 
559.4001183509827
[station 58] [Epoch 24099/35000] [loss_mse: 0.009604] 
561.6329607963562
[station 58] [Epoch 24199/35000] [loss_mse: 0.009508] 
563.9877197742462
[station 58] [Epoch 24299/35000] [loss_mse: 0.009440] 
  收敛检测[local_pretrain:58]: 首次达到收敛条件 @ epoch 24355 (best_epoch=24155, best_loss=0.009127, final_loss=0.009603)
566.423668384552
[station 58] [Epoch 24399/35000] [loss_mse: 0.009444] 
568.7262902259827
[station 58] [Epoch 24499/35000] [loss_mse: 0.009411] 
571.1602032184601
[station 58] [Epoch 24599/35000] [loss_mse: 0.009315] 
573.4467763900757
[station 58] [Epoch 24699/35000] [loss_mse: 0.009452] 
575.6808731555939
[station 58] [Epoch 24799/35000] [loss_mse: 0.009201] 
577.6787061691284
[station 58] [Epoch 24899/35000] [loss_mse: 0.009578] 
579.9245541095734
[station 58] [Epoch 24999/35000] [loss_mse: 0.009777] 
581.9776334762573
[station 58] [Epoch 25099/35000] [loss_mse: 0.009488] 
584.32253074646
[station 58] [Epoch 25199/35000] [loss_mse: 0.009398] 
  收敛检测[local_pretrain:58]: 首次达到收敛条件 @ epoch 25218 (best_epoch=25018, best_loss=0.009012, final_loss=0.009460)
586.5278151035309
[station 58] [Epoch 25299/35000] [loss_mse: 0.009136] 
588.9598636627197
[station 58] [Epoch 25399/35000] [loss_mse: 0.009302] 
591.084237575531
[station 58] [Epoch 25499/35000] [loss_mse: 0.009137] 
593.4734227657318
[station 58] [Epoch 25599/35000] [loss_mse: 0.009514] 
595.9080762863159
[station 58] [Epoch 25699/35000] [loss_mse: 0.009184] 
598.3059041500092
[station 58] [Epoch 25799/35000] [loss_mse: 0.009542] 
600.6015825271606
[station 58] [Epoch 25899/35000] [loss_mse: 0.009271] 
602.893961429596
[station 58] [Epoch 25999/35000] [loss_mse: 0.009253] 
  收敛检测[local_pretrain:58]: 首次达到收敛条件 @ epoch 26074 (best_epoch=25874, best_loss=0.008830, final_loss=0.009065)
605.0788044929504
[station 58] [Epoch 26099/35000] [loss_mse: 0.009342] 
607.2951536178589
[station 58] [Epoch 26199/35000] [loss_mse: 0.009401] 
609.5708022117615
[station 58] [Epoch 26299/35000] [loss_mse: 0.009238] 
612.0186660289764
[station 58] [Epoch 26399/35000] [loss_mse: 0.009324] 
614.3532657623291
[station 58] [Epoch 26499/35000] [loss_mse: 0.009168] 
616.4744234085083
[station 58] [Epoch 26599/35000] [loss_mse: 0.009259] 
618.6292524337769
[station 58] [Epoch 26699/35000] [loss_mse: 0.008901] 
620.934385061264
[station 58] [Epoch 26799/35000] [loss_mse: 0.009247] 
623.2716238498688
[station 58] [Epoch 26899/35000] [loss_mse: 0.008919] 
625.4841749668121
[station 58] [Epoch 26999/35000] [loss_mse: 0.009130] 
627.8649277687073
[station 58] [Epoch 27099/35000] [loss_mse: 0.009172] 
629.9041616916656
[station 58] [Epoch 27199/35000] [loss_mse: 0.008828] 
  收敛检测[local_pretrain:58]: 首次达到收敛条件 @ epoch 27255 (best_epoch=27055, best_loss=0.008661, final_loss=0.009185)
632.1493859291077
[station 58] [Epoch 27299/35000] [loss_mse: 0.008929] 
634.2077975273132
[station 58] [Epoch 27399/35000] [loss_mse: 0.009608] 
636.3543894290924
[station 58] [Epoch 27499/35000] [loss_mse: 0.008921] 
638.5502262115479
[station 58] [Epoch 27599/35000] [loss_mse: 0.009124] 
640.9024522304535
[station 58] [Epoch 27699/35000] [loss_mse: 0.008958] 
643.2318480014801
[station 58] [Epoch 27799/35000] [loss_mse: 0.009126] 
645.4355254173279
[station 58] [Epoch 27899/35000] [loss_mse: 0.008922] 
647.6949729919434
[station 58] [Epoch 27999/35000] [loss_mse: 0.009146] 
649.892427444458
[station 58] [Epoch 28099/35000] [loss_mse: 0.008784] 
652.1861486434937
[station 58] [Epoch 28199/35000] [loss_mse: 0.008981] 
654.2156155109406
[station 58] [Epoch 28299/35000] [loss_mse: 0.009048] 
656.3556241989136
[station 58] [Epoch 28399/35000] [loss_mse: 0.008923] 
658.516687631607
[station 58] [Epoch 28499/35000] [loss_mse: 0.008988] 
660.6348087787628
[station 58] [Epoch 28599/35000] [loss_mse: 0.009073] 
662.9837837219238
[station 58] [Epoch 28699/35000] [loss_mse: 0.008952] 
665.3330399990082
[station 58] [Epoch 28799/35000] [loss_mse: 0.008976] 
667.6621952056885
[station 58] [Epoch 28899/35000] [loss_mse: 0.009115] 
670.0016055107117
[station 58] [Epoch 28999/35000] [loss_mse: 0.009021] 
672.3890209197998
[station 58] [Epoch 29099/35000] [loss_mse: 0.008933] 
674.7977623939514
[station 58] [Epoch 29199/35000] [loss_mse: 0.008804] 
677.0026619434357
[station 58] [Epoch 29299/35000] [loss_mse: 0.008991] 
678.9989476203918
[station 58] [Epoch 29399/35000] [loss_mse: 0.008782] 
681.3099057674408
[station 58] [Epoch 29499/35000] [loss_mse: 0.009026] 
683.5701239109039
[station 58] [Epoch 29599/35000] [loss_mse: 0.008819] 
  收敛检测[local_pretrain:58]: 首次达到收敛条件 @ epoch 29625 (best_epoch=29425, best_loss=0.008549, final_loss=0.009017)
685.8854823112488
[station 58] [Epoch 29699/35000] [loss_mse: 0.008930] 
688.2334463596344
[station 58] [Epoch 29799/35000] [loss_mse: 0.009024] 
  收敛检测[local_pretrain:58]: 首次达到收敛条件 @ epoch 29872 (best_epoch=29672, best_loss=0.008440, final_loss=0.008950)
690.484091758728
[station 58] [Epoch 29899/35000] [loss_mse: 0.008930] 
692.7446806430817
[station 58] [Epoch 29999/35000] [loss_mse: 0.008558] 
695.0159630775452
[station 58] [Epoch 30099/35000] [loss_mse: 0.009035] 
697.3132171630859
[station 58] [Epoch 30199/35000] [loss_mse: 0.008738] 
699.5245988368988
[station 58] [Epoch 30299/35000] [loss_mse: 0.008763] 
701.8246819972992
[station 58] [Epoch 30399/35000] [loss_mse: 0.009045] 
704.0598678588867
[station 58] [Epoch 30499/35000] [loss_mse: 0.009064] 
706.5832340717316
[station 58] [Epoch 30599/35000] [loss_mse: 0.009045] 
708.8944051265717
[station 58] [Epoch 30699/35000] [loss_mse: 0.009074] 
711.2002210617065
[station 58] [Epoch 30799/35000] [loss_mse: 0.008661] 
713.2571654319763
[station 58] [Epoch 30899/35000] [loss_mse: 0.008702] 
715.5922088623047
[station 58] [Epoch 30999/35000] [loss_mse: 0.008549] 
717.9352893829346
[station 58] [Epoch 31099/35000] [loss_mse: 0.008709] 
720.2199733257294
[station 58] [Epoch 31199/35000] [loss_mse: 0.008829] 
722.5762329101562
[station 58] [Epoch 31299/35000] [loss_mse: 0.008790] 
724.8209195137024
[station 58] [Epoch 31399/35000] [loss_mse: 0.008757] 
726.9735531806946
[station 58] [Epoch 31499/35000] [loss_mse: 0.008658] 
729.1420085430145
[station 58] [Epoch 31599/35000] [loss_mse: 0.008887] 
731.4651923179626
[station 58] [Epoch 31699/35000] [loss_mse: 0.008535] 
733.846301317215
[station 58] [Epoch 31799/35000] [loss_mse: 0.008737] 
736.2702097892761
[station 58] [Epoch 31899/35000] [loss_mse: 0.009003] 
738.6976599693298
[station 58] [Epoch 31999/35000] [loss_mse: 0.008884] 
741.0181748867035
[station 58] [Epoch 32099/35000] [loss_mse: 0.008664] 
743.2388780117035
[station 58] [Epoch 32199/35000] [loss_mse: 0.008625] 
745.4009103775024
[station 58] [Epoch 32299/35000] [loss_mse: 0.008761] 
747.5560865402222
[station 58] [Epoch 32399/35000] [loss_mse: 0.008547] 
  收敛检测[local_pretrain:58]: 首次达到收敛条件 @ epoch 32425 (best_epoch=32225, best_loss=0.008265, final_loss=0.008668)
749.8489654064178
[station 58] [Epoch 32499/35000] [loss_mse: 0.008540] 
752.1344847679138
[station 58] [Epoch 32599/35000] [loss_mse: 0.008710] 
754.4085144996643
[station 58] [Epoch 32699/35000] [loss_mse: 0.008715] 
756.7672107219696
[station 58] [Epoch 32799/35000] [loss_mse: 0.008738] 
759.1878917217255
[station 58] [Epoch 32899/35000] [loss_mse: 0.008501] 
761.5189564228058
[station 58] [Epoch 32999/35000] [loss_mse: 0.008584] 
763.8430688381195
[station 58] [Epoch 33099/35000] [loss_mse: 0.008735] 
765.8423428535461
[station 58] [Epoch 33199/35000] [loss_mse: 0.008769] 
767.7446529865265
[station 58] [Epoch 33299/35000] [loss_mse: 0.008833] 
769.6213891506195
[station 58] [Epoch 33399/35000] [loss_mse: 0.008803] 
771.7575056552887
[station 58] [Epoch 33499/35000] [loss_mse: 0.008811] 
773.8974702358246
[station 58] [Epoch 33599/35000] [loss_mse: 0.008631] 
776.1992383003235
[station 58] [Epoch 33699/35000] [loss_mse: 0.008768] 
778.5281798839569
[station 58] [Epoch 33799/35000] [loss_mse: 0.008605] 
780.8352403640747
[station 58] [Epoch 33899/35000] [loss_mse: 0.008591] 
783.2021300792694
[station 58] [Epoch 33999/35000] [loss_mse: 0.008368] 
785.5394349098206
[station 58] [Epoch 34099/35000] [loss_mse: 0.008584] 
787.9093775749207
[station 58] [Epoch 34199/35000] [loss_mse: 0.008641] 
790.2736601829529
[station 58] [Epoch 34299/35000] [loss_mse: 0.008981] 
792.6336026191711
[station 58] [Epoch 34399/35000] [loss_mse: 0.008626] 
795.0053339004517
[station 58] [Epoch 34499/35000] [loss_mse: 0.008529] 
797.3719158172607
[station 58] [Epoch 34599/35000] [loss_mse: 0.008579] 
799.7586801052094
[station 58] [Epoch 34699/35000] [loss_mse: 0.008561] 
802.0670940876007
[station 58] [Epoch 34799/35000] [loss_mse: 0.008438] 
804.3676469326019
[station 58] [Epoch 34899/35000] [loss_mse: 0.009024] 
806.803829908371
[station 58] [Epoch 34999/35000] [loss_mse: 0.008551] 
  收敛检测[local_pretrain:58]: 未收敛 (best_epoch=34947, best_loss=0.008159, final_loss=0.008551)
✓ 本地预训练完成: model_fore_pre_station58_local.pth

======================================================================
开始本地预训练: station 59
======================================================================
0.03430938720703125
[station 59] [Epoch 0/35000] [loss_mse: 0.256924] 
0.05811333656311035
[station 59] [Epoch 1/35000] [loss_mse: 0.256161] 
0.08095717430114746
[station 59] [Epoch 2/35000] [loss_mse: 0.255430] 
0.10273957252502441
[station 59] [Epoch 3/35000] [loss_mse: 0.254723] 
0.1269824504852295
[station 59] [Epoch 4/35000] [loss_mse: 0.253849] 
0.15054798126220703
[station 59] [Epoch 5/35000] [loss_mse: 0.253846] 
0.1757984161376953
[station 59] [Epoch 6/35000] [loss_mse: 0.252862] 
0.20118498802185059
[station 59] [Epoch 7/35000] [loss_mse: 0.251744] 
0.22462749481201172
[station 59] [Epoch 8/35000] [loss_mse: 0.251263] 
0.24654102325439453
[station 59] [Epoch 9/35000] [loss_mse: 0.250424] 
2.375331163406372
[station 59] [Epoch 99/35000] [loss_mse: 0.148364] 
4.755234003067017
[station 59] [Epoch 199/35000] [loss_mse: 0.056964] 
7.140909671783447
[station 59] [Epoch 299/35000] [loss_mse: 0.048205] 
9.530695915222168
[station 59] [Epoch 399/35000] [loss_mse: 0.044930] 
11.93381929397583
[station 59] [Epoch 499/35000] [loss_mse: 0.042202] 
14.318397760391235
[station 59] [Epoch 599/35000] [loss_mse: 0.040583] 
16.564961910247803
[station 59] [Epoch 699/35000] [loss_mse: 0.039526] 
18.93591594696045
[station 59] [Epoch 799/35000] [loss_mse: 0.038035] 
21.317395210266113
[station 59] [Epoch 899/35000] [loss_mse: 0.037085] 
23.7677800655365
[station 59] [Epoch 999/35000] [loss_mse: 0.036640] 
26.195607900619507
[station 59] [Epoch 1099/35000] [loss_mse: 0.036863] 
28.50035786628723
[station 59] [Epoch 1199/35000] [loss_mse: 0.035910] 
30.836108684539795
[station 59] [Epoch 1299/35000] [loss_mse: 0.034784] 
33.08359479904175
[station 59] [Epoch 1399/35000] [loss_mse: 0.035166] 
35.38094449043274
[station 59] [Epoch 1499/35000] [loss_mse: 0.034804] 
37.8063006401062
[station 59] [Epoch 1599/35000] [loss_mse: 0.034349] 
40.21543025970459
[station 59] [Epoch 1699/35000] [loss_mse: 0.034402] 
42.66175937652588
[station 59] [Epoch 1799/35000] [loss_mse: 0.034483] 
45.05083703994751
[station 59] [Epoch 1899/35000] [loss_mse: 0.032756] 
47.42811560630798
[station 59] [Epoch 1999/35000] [loss_mse: 0.033076] 
49.86157965660095
[station 59] [Epoch 2099/35000] [loss_mse: 0.032986] 
52.32197189331055
[station 59] [Epoch 2199/35000] [loss_mse: 0.032915] 
54.72867751121521
[station 59] [Epoch 2299/35000] [loss_mse: 0.032817] 
57.136518239974976
[station 59] [Epoch 2399/35000] [loss_mse: 0.032288] 
59.56085824966431
[station 59] [Epoch 2499/35000] [loss_mse: 0.032382] 
61.87355446815491
[station 59] [Epoch 2599/35000] [loss_mse: 0.031512] 
64.26122236251831
[station 59] [Epoch 2699/35000] [loss_mse: 0.031057] 
66.43342733383179
[station 59] [Epoch 2799/35000] [loss_mse: 0.030749] 
68.60414505004883
[station 59] [Epoch 2899/35000] [loss_mse: 0.031080] 
70.93869304656982
[station 59] [Epoch 2999/35000] [loss_mse: 0.030597] 
73.31026601791382
[station 59] [Epoch 3099/35000] [loss_mse: 0.030133] 
75.69678401947021
[station 59] [Epoch 3199/35000] [loss_mse: 0.030362] 
78.11076712608337
[station 59] [Epoch 3299/35000] [loss_mse: 0.029230] 
80.50567698478699
[station 59] [Epoch 3399/35000] [loss_mse: 0.029911] 
82.85651850700378
[station 59] [Epoch 3499/35000] [loss_mse: 0.029102] 
85.24219274520874
[station 59] [Epoch 3599/35000] [loss_mse: 0.028499] 
87.64510202407837
[station 59] [Epoch 3699/35000] [loss_mse: 0.028649] 
90.03948593139648
[station 59] [Epoch 3799/35000] [loss_mse: 0.027763] 
92.42013144493103
[station 59] [Epoch 3899/35000] [loss_mse: 0.027603] 
94.88270926475525
[station 59] [Epoch 3999/35000] [loss_mse: 0.027279] 
97.29598236083984
[station 59] [Epoch 4099/35000] [loss_mse: 0.026650] 
99.72663497924805
[station 59] [Epoch 4199/35000] [loss_mse: 0.026361] 
102.05346035957336
[station 59] [Epoch 4299/35000] [loss_mse: 0.026006] 
104.44175887107849
[station 59] [Epoch 4399/35000] [loss_mse: 0.025912] 
106.78437042236328
[station 59] [Epoch 4499/35000] [loss_mse: 0.025568] 
109.05346083641052
[station 59] [Epoch 4599/35000] [loss_mse: 0.024807] 
111.30958271026611
[station 59] [Epoch 4699/35000] [loss_mse: 0.025073] 
113.68566298484802
[station 59] [Epoch 4799/35000] [loss_mse: 0.024752] 
116.0504937171936
[station 59] [Epoch 4899/35000] [loss_mse: 0.024084] 
118.44066882133484
[station 59] [Epoch 4999/35000] [loss_mse: 0.024578] 
120.83022117614746
[station 59] [Epoch 5099/35000] [loss_mse: 0.023812] 
123.1868371963501
[station 59] [Epoch 5199/35000] [loss_mse: 0.023730] 
125.53907656669617
[station 59] [Epoch 5299/35000] [loss_mse: 0.023382] 
127.87511444091797
[station 59] [Epoch 5399/35000] [loss_mse: 0.022865] 
130.10496759414673
[station 59] [Epoch 5499/35000] [loss_mse: 0.022636] 
132.31734013557434
[station 59] [Epoch 5599/35000] [loss_mse: 0.022232] 
134.63085317611694
[station 59] [Epoch 5699/35000] [loss_mse: 0.022194] 
136.9789011478424
[station 59] [Epoch 5799/35000] [loss_mse: 0.022009] 
139.38048768043518
[station 59] [Epoch 5899/35000] [loss_mse: 0.021763] 
141.4357569217682
[station 59] [Epoch 5999/35000] [loss_mse: 0.021923] 
143.29659748077393
[station 59] [Epoch 6099/35000] [loss_mse: 0.021416] 
145.4616470336914
[station 59] [Epoch 6199/35000] [loss_mse: 0.021616] 
147.66547393798828
[station 59] [Epoch 6299/35000] [loss_mse: 0.021169] 
149.80401182174683
[station 59] [Epoch 6399/35000] [loss_mse: 0.020527] 
152.05751609802246
[station 59] [Epoch 6499/35000] [loss_mse: 0.020565] 
154.30054640769958
[station 59] [Epoch 6599/35000] [loss_mse: 0.020165] 
156.58964276313782
[station 59] [Epoch 6699/35000] [loss_mse: 0.019717] 
158.97163653373718
[station 59] [Epoch 6799/35000] [loss_mse: 0.020051] 
161.4276852607727
[station 59] [Epoch 6899/35000] [loss_mse: 0.019854] 
163.71237325668335
[station 59] [Epoch 6999/35000] [loss_mse: 0.019794] 
165.80301785469055
[station 59] [Epoch 7099/35000] [loss_mse: 0.019758] 
168.0435209274292
[station 59] [Epoch 7199/35000] [loss_mse: 0.019313] 
170.25079679489136
[station 59] [Epoch 7299/35000] [loss_mse: 0.019404] 
  收敛检测[local_pretrain:59]: 首次达到收敛条件 @ epoch 7347 (best_epoch=7147, best_loss=0.018739, final_loss=0.019691)
172.25019788742065
[station 59] [Epoch 7399/35000] [loss_mse: 0.019161] 
174.39799690246582
[station 59] [Epoch 7499/35000] [loss_mse: 0.019013] 
176.7230417728424
[station 59] [Epoch 7599/35000] [loss_mse: 0.019266] 
179.14240217208862
[station 59] [Epoch 7699/35000] [loss_mse: 0.018615] 
181.4812512397766
[station 59] [Epoch 7799/35000] [loss_mse: 0.018820] 
183.79146122932434
[station 59] [Epoch 7899/35000] [loss_mse: 0.018539] 
186.06271529197693
[station 59] [Epoch 7999/35000] [loss_mse: 0.018352] 
  收敛检测[local_pretrain:59]: 首次达到收敛条件 @ epoch 8005 (best_epoch=7805, best_loss=0.017888, final_loss=0.018136)
188.1161060333252
[station 59] [Epoch 8099/35000] [loss_mse: 0.018424] 
190.29796195030212
[station 59] [Epoch 8199/35000] [loss_mse: 0.018343] 
192.5346119403839
[station 59] [Epoch 8299/35000] [loss_mse: 0.017914] 
194.60240006446838
[station 59] [Epoch 8399/35000] [loss_mse: 0.018022] 
  收敛检测[local_pretrain:59]: 首次达到收敛条件 @ epoch 8414 (best_epoch=8214, best_loss=0.017178, final_loss=0.018056)
196.8451759815216
[station 59] [Epoch 8499/35000] [loss_mse: 0.017758] 
199.1991765499115
[station 59] [Epoch 8599/35000] [loss_mse: 0.017637] 
201.6428337097168
[station 59] [Epoch 8699/35000] [loss_mse: 0.017387] 
203.98084831237793
[station 59] [Epoch 8799/35000] [loss_mse: 0.017359] 
206.33216285705566
[station 59] [Epoch 8899/35000] [loss_mse: 0.017252] 
208.56419897079468
[station 59] [Epoch 8999/35000] [loss_mse: 0.017100] 
210.99517941474915
[station 59] [Epoch 9099/35000] [loss_mse: 0.017000] 
213.39860653877258
[station 59] [Epoch 9199/35000] [loss_mse: 0.016944] 
  收敛检测[local_pretrain:59]: 首次达到收敛条件 @ epoch 9271 (best_epoch=9071, best_loss=0.016486, final_loss=0.016894)
215.74423909187317
[station 59] [Epoch 9299/35000] [loss_mse: 0.017144] 
217.96926712989807
[station 59] [Epoch 9399/35000] [loss_mse: 0.016564] 
220.40595817565918
[station 59] [Epoch 9499/35000] [loss_mse: 0.016569] 
  收敛检测[local_pretrain:59]: 首次达到收敛条件 @ epoch 9517 (best_epoch=9317, best_loss=0.016292, final_loss=0.016733)
222.71153831481934
[station 59] [Epoch 9599/35000] [loss_mse: 0.016674] 
225.11692881584167
[station 59] [Epoch 9699/35000] [loss_mse: 0.016729] 
227.41965413093567
[station 59] [Epoch 9799/35000] [loss_mse: 0.016247] 
  收敛检测[local_pretrain:59]: 首次达到收敛条件 @ epoch 9807 (best_epoch=9607, best_loss=0.016079, final_loss=0.016142)
229.82794380187988
[station 59] [Epoch 9899/35000] [loss_mse: 0.015867] 
232.29009199142456
[station 59] [Epoch 9999/35000] [loss_mse: 0.016104] 
  收敛检测[local_pretrain:59]: 首次达到收敛条件 @ epoch 10059 (best_epoch=9859, best_loss=0.015819, final_loss=0.015843)
234.66291332244873
[station 59] [Epoch 10099/35000] [loss_mse: 0.016294] 
237.00483012199402
[station 59] [Epoch 10199/35000] [loss_mse: 0.016591] 
239.2729504108429
[station 59] [Epoch 10299/35000] [loss_mse: 0.015834] 
241.24757027626038
[station 59] [Epoch 10399/35000] [loss_mse: 0.016180] 
243.4752893447876
[station 59] [Epoch 10499/35000] [loss_mse: 0.015948] 
  收敛检测[local_pretrain:59]: 首次达到收敛条件 @ epoch 10540 (best_epoch=10340, best_loss=0.015473, final_loss=0.016033)
245.83650732040405
[station 59] [Epoch 10599/35000] [loss_mse: 0.015923] 
248.24784183502197
[station 59] [Epoch 10699/35000] [loss_mse: 0.016214] 
250.58656430244446
[station 59] [Epoch 10799/35000] [loss_mse: 0.015792] 
253.05369544029236
[station 59] [Epoch 10899/35000] [loss_mse: 0.015536] 
  收敛检测[local_pretrain:59]: 首次达到收敛条件 @ epoch 10919 (best_epoch=10719, best_loss=0.015188, final_loss=0.015882)
255.36962699890137
[station 59] [Epoch 10999/35000] [loss_mse: 0.015170] 
257.6656849384308
[station 59] [Epoch 11099/35000] [loss_mse: 0.015679] 
260.1665847301483
[station 59] [Epoch 11199/35000] [loss_mse: 0.015442] 
262.63038206100464
[station 59] [Epoch 11299/35000] [loss_mse: 0.015211] 
265.0868937969208
[station 59] [Epoch 11399/35000] [loss_mse: 0.015337] 
267.5283215045929
[station 59] [Epoch 11499/35000] [loss_mse: 0.015197] 
269.89260268211365
[station 59] [Epoch 11599/35000] [loss_mse: 0.015250] 
  收敛检测[local_pretrain:59]: 首次达到收敛条件 @ epoch 11688 (best_epoch=11488, best_loss=0.014720, final_loss=0.015492)
272.24087619781494
[station 59] [Epoch 11699/35000] [loss_mse: 0.014716] 
274.7203719615936
[station 59] [Epoch 11799/35000] [loss_mse: 0.015041] 
277.06540274620056
[station 59] [Epoch 11899/35000] [loss_mse: 0.014992] 
  收敛检测[local_pretrain:59]: 首次达到收敛条件 @ epoch 11961 (best_epoch=11761, best_loss=0.014608, final_loss=0.014841)
279.3617341518402
[station 59] [Epoch 11999/35000] [loss_mse: 0.015123] 
281.6264841556549
[station 59] [Epoch 12099/35000] [loss_mse: 0.015363] 
284.01701045036316
[station 59] [Epoch 12199/35000] [loss_mse: 0.014739] 
  收敛检测[local_pretrain:59]: 首次达到收敛条件 @ epoch 12235 (best_epoch=12035, best_loss=0.014505, final_loss=0.014748)
286.3687274456024
[station 59] [Epoch 12299/35000] [loss_mse: 0.014455] 
288.69626688957214
[station 59] [Epoch 12399/35000] [loss_mse: 0.014809] 
290.8978126049042
[station 59] [Epoch 12499/35000] [loss_mse: 0.014568] 
  收敛检测[local_pretrain:59]: 首次达到收敛条件 @ epoch 12584 (best_epoch=12384, best_loss=0.014169, final_loss=0.014468)
293.1232705116272
[station 59] [Epoch 12599/35000] [loss_mse: 0.014718] 
295.43163108825684
[station 59] [Epoch 12699/35000] [loss_mse: 0.014864] 
297.79136991500854
[station 59] [Epoch 12799/35000] [loss_mse: 0.014762] 
300.12590765953064
[station 59] [Epoch 12899/35000] [loss_mse: 0.014483] 
302.2984809875488
[station 59] [Epoch 12999/35000] [loss_mse: 0.014435] 
  收敛检测[local_pretrain:59]: 首次达到收敛条件 @ epoch 13018 (best_epoch=12818, best_loss=0.014015, final_loss=0.014421)
304.5781395435333
[station 59] [Epoch 13099/35000] [loss_mse: 0.015036] 
306.8294253349304
[station 59] [Epoch 13199/35000] [loss_mse: 0.014508] 
309.2223410606384
[station 59] [Epoch 13299/35000] [loss_mse: 0.014781] 
  收敛检测[local_pretrain:59]: 首次达到收敛条件 @ epoch 13338 (best_epoch=13138, best_loss=0.013909, final_loss=0.014359)
311.62938618659973
[station 59] [Epoch 13399/35000] [loss_mse: 0.014589] 
313.9611554145813
[station 59] [Epoch 13499/35000] [loss_mse: 0.014470] 
316.2670831680298
[station 59] [Epoch 13599/35000] [loss_mse: 0.014109] 
318.6598379611969
[station 59] [Epoch 13699/35000] [loss_mse: 0.013992] 
  收敛检测[local_pretrain:59]: 首次达到收敛条件 @ epoch 13738 (best_epoch=13538, best_loss=0.013800, final_loss=0.014174)
320.90549421310425
[station 59] [Epoch 13799/35000] [loss_mse: 0.014204] 
323.2347745895386
[station 59] [Epoch 13899/35000] [loss_mse: 0.014066] 
325.38042640686035
[station 59] [Epoch 13999/35000] [loss_mse: 0.014251] 
  收敛检测[local_pretrain:59]: 首次达到收敛条件 @ epoch 14080 (best_epoch=13880, best_loss=0.013659, final_loss=0.014106)
327.6071095466614
[station 59] [Epoch 14099/35000] [loss_mse: 0.014052] 
329.78798484802246
[station 59] [Epoch 14199/35000] [loss_mse: 0.013840] 
331.9528443813324
[station 59] [Epoch 14299/35000] [loss_mse: 0.013818] 
  收敛检测[local_pretrain:59]: 首次达到收敛条件 @ epoch 14310 (best_epoch=14110, best_loss=0.013475, final_loss=0.014233)
334.1357681751251
[station 59] [Epoch 14399/35000] [loss_mse: 0.013683] 
336.5069715976715
[station 59] [Epoch 14499/35000] [loss_mse: 0.013645] 
338.7161865234375
[station 59] [Epoch 14599/35000] [loss_mse: 0.013789] 
  收敛检测[local_pretrain:59]: 首次达到收敛条件 @ epoch 14617 (best_epoch=14417, best_loss=0.013318, final_loss=0.013891)
340.9840211868286
[station 59] [Epoch 14699/35000] [loss_mse: 0.013534] 
343.26096272468567
[station 59] [Epoch 14799/35000] [loss_mse: 0.013919] 
345.5116720199585
[station 59] [Epoch 14899/35000] [loss_mse: 0.013629] 
347.681841135025
[station 59] [Epoch 14999/35000] [loss_mse: 0.014196] 
349.6802468299866
[station 59] [Epoch 15099/35000] [loss_mse: 0.013613] 
352.0951645374298
[station 59] [Epoch 15199/35000] [loss_mse: 0.013596] 
354.29266905784607
[station 59] [Epoch 15299/35000] [loss_mse: 0.013600] 
356.4453134536743
[station 59] [Epoch 15399/35000] [loss_mse: 0.013544] 
358.64459228515625
[station 59] [Epoch 15499/35000] [loss_mse: 0.013277] 
  收敛检测[local_pretrain:59]: 首次达到收敛条件 @ epoch 15507 (best_epoch=15307, best_loss=0.013085, final_loss=0.013432)
360.873872756958
[station 59] [Epoch 15599/35000] [loss_mse: 0.013403] 
363.0322606563568
[station 59] [Epoch 15699/35000] [loss_mse: 0.013518] 
365.05507946014404
[station 59] [Epoch 15799/35000] [loss_mse: 0.013590] 
367.0287616252899
[station 59] [Epoch 15899/35000] [loss_mse: 0.013773] 
369.0019314289093
[station 59] [Epoch 15999/35000] [loss_mse: 0.013610] 
  收敛检测[local_pretrain:59]: 首次达到收敛条件 @ epoch 16045 (best_epoch=15845, best_loss=0.012902, final_loss=0.012890)
371.1653437614441
[station 59] [Epoch 16099/35000] [loss_mse: 0.013644] 
373.30368542671204
[station 59] [Epoch 16199/35000] [loss_mse: 0.013368] 
375.54651975631714
[station 59] [Epoch 16299/35000] [loss_mse: 0.013500] 
377.7107367515564
[station 59] [Epoch 16399/35000] [loss_mse: 0.013461] 
379.7965087890625
[station 59] [Epoch 16499/35000] [loss_mse: 0.013611] 
381.92317247390747
[station 59] [Epoch 16599/35000] [loss_mse: 0.013198] 
384.2193901538849
[station 59] [Epoch 16699/35000] [loss_mse: 0.013033] 
  收敛检测[local_pretrain:59]: 首次达到收敛条件 @ epoch 16779 (best_epoch=16579, best_loss=0.012797, final_loss=0.013097)
386.28737688064575
[station 59] [Epoch 16799/35000] [loss_mse: 0.012986] 
388.4798710346222
[station 59] [Epoch 16899/35000] [loss_mse: 0.013397] 
390.5407226085663
[station 59] [Epoch 16999/35000] [loss_mse: 0.013528] 
  收敛检测[local_pretrain:59]: 首次达到收敛条件 @ epoch 17058 (best_epoch=16858, best_loss=0.012653, final_loss=0.013097)
392.46868205070496
[station 59] [Epoch 17099/35000] [loss_mse: 0.013108] 
394.33145332336426
[station 59] [Epoch 17199/35000] [loss_mse: 0.012991] 
396.3117244243622
[station 59] [Epoch 17299/35000] [loss_mse: 0.013119] 
398.2733829021454
[station 59] [Epoch 17399/35000] [loss_mse: 0.012838] 
400.28602623939514
[station 59] [Epoch 17499/35000] [loss_mse: 0.013329] 
402.3561234474182
[station 59] [Epoch 17599/35000] [loss_mse: 0.012797] 
404.4291605949402
[station 59] [Epoch 17699/35000] [loss_mse: 0.013088] 
406.6293406486511
[station 59] [Epoch 17799/35000] [loss_mse: 0.012711] 
408.6722264289856
[station 59] [Epoch 17899/35000] [loss_mse: 0.012731] 
  收敛检测[local_pretrain:59]: 首次达到收敛条件 @ epoch 17925 (best_epoch=17725, best_loss=0.012467, final_loss=0.012648)
410.81435227394104
[station 59] [Epoch 17999/35000] [loss_mse: 0.012824] 
412.6819808483124
[station 59] [Epoch 18099/35000] [loss_mse: 0.012937] 
414.543231010437
[station 59] [Epoch 18199/35000] [loss_mse: 0.013119] 
416.39530181884766
[station 59] [Epoch 18299/35000] [loss_mse: 0.013194] 
418.2546548843384
[station 59] [Epoch 18399/35000] [loss_mse: 0.012590] 
  收敛检测[local_pretrain:59]: 首次达到收敛条件 @ epoch 18407 (best_epoch=18207, best_loss=0.012366, final_loss=0.012756)
420.0940046310425
[station 59] [Epoch 18499/35000] [loss_mse: 0.013317] 
422.3900783061981
[station 59] [Epoch 18599/35000] [loss_mse: 0.012779] 
424.46214389801025
[station 59] [Epoch 18699/35000] [loss_mse: 0.012846] 
426.62239813804626
[station 59] [Epoch 18799/35000] [loss_mse: 0.012701] 
  收敛检测[local_pretrain:59]: 首次达到收敛条件 @ epoch 18868 (best_epoch=18668, best_loss=0.012233, final_loss=0.012876)
428.7087230682373
[station 59] [Epoch 18899/35000] [loss_mse: 0.012896] 
430.7144923210144
[station 59] [Epoch 18999/35000] [loss_mse: 0.012553] 
432.5825524330139
[station 59] [Epoch 19099/35000] [loss_mse: 0.012619] 
434.6055181026459
[station 59] [Epoch 19199/35000] [loss_mse: 0.012548] 
436.8979911804199
[station 59] [Epoch 19299/35000] [loss_mse: 0.012618] 
439.06962728500366
[station 59] [Epoch 19399/35000] [loss_mse: 0.012783] 
441.13034439086914
[station 59] [Epoch 19499/35000] [loss_mse: 0.012563] 
443.0645549297333
[station 59] [Epoch 19599/35000] [loss_mse: 0.012537] 
  收敛检测[local_pretrain:59]: 首次达到收敛条件 @ epoch 19635 (best_epoch=19435, best_loss=0.012091, final_loss=0.012304)
445.00423288345337
[station 59] [Epoch 19699/35000] [loss_mse: 0.012634] 
447.0211281776428
[station 59] [Epoch 19799/35000] [loss_mse: 0.012895] 
449.2830047607422
[station 59] [Epoch 19899/35000] [loss_mse: 0.012475] 
451.4317698478699
[station 59] [Epoch 19999/35000] [loss_mse: 0.012268] 
453.8804063796997
[station 59] [Epoch 20099/35000] [loss_mse: 0.012851] 
  收敛检测[local_pretrain:59]: 首次达到收敛条件 @ epoch 20163 (best_epoch=19963, best_loss=0.011906, final_loss=0.012291)
456.3821985721588
[station 59] [Epoch 20199/35000] [loss_mse: 0.012273] 
458.5808277130127
[station 59] [Epoch 20299/35000] [loss_mse: 0.012452] 
460.5881540775299
[station 59] [Epoch 20399/35000] [loss_mse: 0.012423] 
462.73747754096985
[station 59] [Epoch 20499/35000] [loss_mse: 0.012304] 
464.840847492218
[station 59] [Epoch 20599/35000] [loss_mse: 0.012181] 
467.20858573913574
[station 59] [Epoch 20699/35000] [loss_mse: 0.012148] 
469.6343159675598
[station 59] [Epoch 20799/35000] [loss_mse: 0.012280] 
472.0387613773346
[station 59] [Epoch 20899/35000] [loss_mse: 0.012286] 
474.40327286720276
[station 59] [Epoch 20999/35000] [loss_mse: 0.012538] 
476.82578349113464
[station 59] [Epoch 21099/35000] [loss_mse: 0.012258] 
479.01790261268616
[station 59] [Epoch 21199/35000] [loss_mse: 0.012372] 
  收敛检测[local_pretrain:59]: 首次达到收敛条件 @ epoch 21289 (best_epoch=21089, best_loss=0.011794, final_loss=0.012107)
481.3362452983856
[station 59] [Epoch 21299/35000] [loss_mse: 0.012454] 
483.5903127193451
[station 59] [Epoch 21399/35000] [loss_mse: 0.012023] 
485.7848093509674
[station 59] [Epoch 21499/35000] [loss_mse: 0.011965] 
487.96910095214844
[station 59] [Epoch 21599/35000] [loss_mse: 0.012425] 
490.0375499725342
[station 59] [Epoch 21699/35000] [loss_mse: 0.012185] 
492.07351517677307
[station 59] [Epoch 21799/35000] [loss_mse: 0.012249] 
  收敛检测[local_pretrain:59]: 首次达到收敛条件 @ epoch 21836 (best_epoch=21636, best_loss=0.011654, final_loss=0.012327)
493.9229247570038
[station 59] [Epoch 21899/35000] [loss_mse: 0.012495] 
495.7837448120117
[station 59] [Epoch 21999/35000] [loss_mse: 0.011982] 
497.7701344490051
[station 59] [Epoch 22099/35000] [loss_mse: 0.011782] 
499.6532144546509
[station 59] [Epoch 22199/35000] [loss_mse: 0.012199] 
501.98964834213257
[station 59] [Epoch 22299/35000] [loss_mse: 0.012038] 
504.22273898124695
[station 59] [Epoch 22399/35000] [loss_mse: 0.012115] 
506.2883596420288
[station 59] [Epoch 22499/35000] [loss_mse: 0.012275] 
508.3625771999359
[station 59] [Epoch 22599/35000] [loss_mse: 0.012086] 
510.5059359073639
[station 59] [Epoch 22699/35000] [loss_mse: 0.011747] 
512.7531371116638
[station 59] [Epoch 22799/35000] [loss_mse: 0.011787] 
  收敛检测[local_pretrain:59]: 首次达到收敛条件 @ epoch 22824 (best_epoch=22624, best_loss=0.011552, final_loss=0.011924)
515.0842514038086
[station 59] [Epoch 22899/35000] [loss_mse: 0.011900] 
517.174821138382
[station 59] [Epoch 22999/35000] [loss_mse: 0.012052] 
519.4345057010651
[station 59] [Epoch 23099/35000] [loss_mse: 0.011928] 
  收敛检测[local_pretrain:59]: 首次达到收敛条件 @ epoch 23154 (best_epoch=22954, best_loss=0.011278, final_loss=0.011976)
521.7808449268341
[station 59] [Epoch 23199/35000] [loss_mse: 0.012335] 
524.100811958313
[station 59] [Epoch 23299/35000] [loss_mse: 0.011631] 
526.2498745918274
[station 59] [Epoch 23399/35000] [loss_mse: 0.011904] 
528.343836069107
[station 59] [Epoch 23499/35000] [loss_mse: 0.011830] 
530.681282043457
[station 59] [Epoch 23599/35000] [loss_mse: 0.011934] 
532.6141378879547
[station 59] [Epoch 23699/35000] [loss_mse: 0.011968] 
534.9595677852631
[station 59] [Epoch 23799/35000] [loss_mse: 0.011838] 
537.3212819099426
[station 59] [Epoch 23899/35000] [loss_mse: 0.012114] 
539.4876530170441
[station 59] [Epoch 23999/35000] [loss_mse: 0.011892] 
541.6391520500183
[station 59] [Epoch 24099/35000] [loss_mse: 0.011725] 
543.9380483627319
[station 59] [Epoch 24199/35000] [loss_mse: 0.012010] 
546.171443939209
[station 59] [Epoch 24299/35000] [loss_mse: 0.011708] 
548.3453691005707
[station 59] [Epoch 24399/35000] [loss_mse: 0.011911] 
550.4910683631897
[station 59] [Epoch 24499/35000] [loss_mse: 0.011643] 
552.7293827533722
[station 59] [Epoch 24599/35000] [loss_mse: 0.012025] 
554.9722800254822
[station 59] [Epoch 24699/35000] [loss_mse: 0.011701] 
557.2776122093201
[station 59] [Epoch 24799/35000] [loss_mse: 0.011894] 
559.6759605407715
[station 59] [Epoch 24899/35000] [loss_mse: 0.011321] 
562.053160905838
[station 59] [Epoch 24999/35000] [loss_mse: 0.011704] 
564.5755743980408
[station 59] [Epoch 25099/35000] [loss_mse: 0.011560] 
566.949052810669
[station 59] [Epoch 25199/35000] [loss_mse: 0.011783] 
569.1015131473541
[station 59] [Epoch 25299/35000] [loss_mse: 0.011546] 
  收敛检测[local_pretrain:59]: 首次达到收敛条件 @ epoch 25338 (best_epoch=25138, best_loss=0.011106, final_loss=0.011357)
571.2460811138153
[station 59] [Epoch 25399/35000] [loss_mse: 0.011336] 
573.4102058410645
[station 59] [Epoch 25499/35000] [loss_mse: 0.011539] 
575.6372928619385
[station 59] [Epoch 25599/35000] [loss_mse: 0.011672] 
577.8444650173187
[station 59] [Epoch 25699/35000] [loss_mse: 0.011690] 
580.1475393772125
[station 59] [Epoch 25799/35000] [loss_mse: 0.011619] 
582.1103229522705
[station 59] [Epoch 25899/35000] [loss_mse: 0.011532] 
584.2792580127716
[station 59] [Epoch 25999/35000] [loss_mse: 0.011536] 
  收敛检测[local_pretrain:59]: 首次达到收敛条件 @ epoch 26078 (best_epoch=25878, best_loss=0.010885, final_loss=0.011369)
586.2342321872711
[station 59] [Epoch 26099/35000] [loss_mse: 0.011542] 
588.3285143375397
[station 59] [Epoch 26199/35000] [loss_mse: 0.011599] 
590.7582924365997
[station 59] [Epoch 26299/35000] [loss_mse: 0.011214] 
593.0153732299805
[station 59] [Epoch 26399/35000] [loss_mse: 0.011315] 
595.1665155887604
[station 59] [Epoch 26499/35000] [loss_mse: 0.011452] 
597.3683145046234
[station 59] [Epoch 26599/35000] [loss_mse: 0.011409] 
599.6562428474426
[station 59] [Epoch 26699/35000] [loss_mse: 0.011650] 
601.9746117591858
[station 59] [Epoch 26799/35000] [loss_mse: 0.011463] 
604.2954730987549
[station 59] [Epoch 26899/35000] [loss_mse: 0.011328] 
606.5893006324768
[station 59] [Epoch 26999/35000] [loss_mse: 0.011220] 
608.8752021789551
[station 59] [Epoch 27099/35000] [loss_mse: 0.011246] 
611.3571197986603
[station 59] [Epoch 27199/35000] [loss_mse: 0.011414] 
613.9089024066925
[station 59] [Epoch 27299/35000] [loss_mse: 0.011676] 
616.2923789024353
[station 59] [Epoch 27399/35000] [loss_mse: 0.011280] 
618.7144901752472
[station 59] [Epoch 27499/35000] [loss_mse: 0.011312] 
621.0277674198151
[station 59] [Epoch 27599/35000] [loss_mse: 0.011506] 
623.2417900562286
[station 59] [Epoch 27699/35000] [loss_mse: 0.011276] 
625.4533967971802
[station 59] [Epoch 27799/35000] [loss_mse: 0.011457] 
627.8216998577118
[station 59] [Epoch 27899/35000] [loss_mse: 0.011070] 
630.1615612506866
[station 59] [Epoch 27999/35000] [loss_mse: 0.011488] 
632.3600175380707
[station 59] [Epoch 28099/35000] [loss_mse: 0.011160] 
634.6192712783813
[station 59] [Epoch 28199/35000] [loss_mse: 0.011303] 
636.7716770172119
[station 59] [Epoch 28299/35000] [loss_mse: 0.011497] 
638.6942136287689
[station 59] [Epoch 28399/35000] [loss_mse: 0.011004] 
640.8872966766357
[station 59] [Epoch 28499/35000] [loss_mse: 0.011046] 
  收敛检测[local_pretrain:59]: 首次达到收敛条件 @ epoch 28505 (best_epoch=28305, best_loss=0.010697, final_loss=0.011405)
642.9725160598755
[station 59] [Epoch 28599/35000] [loss_mse: 0.011176] 
645.0040950775146
[station 59] [Epoch 28699/35000] [loss_mse: 0.011195] 
647.0501992702484
[station 59] [Epoch 28799/35000] [loss_mse: 0.011615] 
649.0332169532776
[station 59] [Epoch 28899/35000] [loss_mse: 0.011210] 
651.3562216758728
[station 59] [Epoch 28999/35000] [loss_mse: 0.010848] 
653.5475959777832
[station 59] [Epoch 29099/35000] [loss_mse: 0.011109] 
655.6336710453033
[station 59] [Epoch 29199/35000] [loss_mse: 0.011744] 
657.6976504325867
[station 59] [Epoch 29299/35000] [loss_mse: 0.011209] 
659.8300247192383
[station 59] [Epoch 29399/35000] [loss_mse: 0.011079] 
662.107364654541
[station 59] [Epoch 29499/35000] [loss_mse: 0.011006] 
664.2657024860382
[station 59] [Epoch 29599/35000] [loss_mse: 0.011173] 
  收敛检测[local_pretrain:59]: 首次达到收敛条件 @ epoch 29677 (best_epoch=29477, best_loss=0.010592, final_loss=0.011336)
666.3976142406464
[station 59] [Epoch 29699/35000] [loss_mse: 0.010883] 
668.5921092033386
[station 59] [Epoch 29799/35000] [loss_mse: 0.011037] 
670.9158437252045
[station 59] [Epoch 29899/35000] [loss_mse: 0.011249] 
673.2707080841064
[station 59] [Epoch 29999/35000] [loss_mse: 0.011133] 
675.5595881938934
[station 59] [Epoch 30099/35000] [loss_mse: 0.011307] 
677.9149243831635
[station 59] [Epoch 30199/35000] [loss_mse: 0.010662] 
680.145388841629
[station 59] [Epoch 30299/35000] [loss_mse: 0.010851] 
682.3627817630768
[station 59] [Epoch 30399/35000] [loss_mse: 0.011138] 
684.4202120304108
[station 59] [Epoch 30499/35000] [loss_mse: 0.010865] 
686.680896282196
[station 59] [Epoch 30599/35000] [loss_mse: 0.011001] 
  收敛检测[local_pretrain:59]: 首次达到收敛条件 @ epoch 30673 (best_epoch=30473, best_loss=0.010481, final_loss=0.010935)
688.8089754581451
[station 59] [Epoch 30699/35000] [loss_mse: 0.010943] 
691.2192304134369
[station 59] [Epoch 30799/35000] [loss_mse: 0.010981] 
693.5375969409943
[station 59] [Epoch 30899/35000] [loss_mse: 0.010916] 
695.8146598339081
[station 59] [Epoch 30999/35000] [loss_mse: 0.010829] 
698.1397981643677
[station 59] [Epoch 31099/35000] [loss_mse: 0.011379] 
700.4960632324219
[station 59] [Epoch 31199/35000] [loss_mse: 0.010849] 
702.9531404972076
[station 59] [Epoch 31299/35000] [loss_mse: 0.011006] 
705.116943359375
[station 59] [Epoch 31399/35000] [loss_mse: 0.011120] 
707.2838063240051
[station 59] [Epoch 31499/35000] [loss_mse: 0.010840] 
709.5809233188629
[station 59] [Epoch 31599/35000] [loss_mse: 0.010830] 
711.8937668800354
[station 59] [Epoch 31699/35000] [loss_mse: 0.011008] 
713.8795342445374
[station 59] [Epoch 31799/35000] [loss_mse: 0.010768] 
716.0239162445068
[station 59] [Epoch 31899/35000] [loss_mse: 0.011397] 
718.3942523002625
[station 59] [Epoch 31999/35000] [loss_mse: 0.010604] 
  收敛检测[local_pretrain:59]: 首次达到收敛条件 @ epoch 32042 (best_epoch=31842, best_loss=0.010312, final_loss=0.010772)
720.7497305870056
[station 59] [Epoch 32099/35000] [loss_mse: 0.010758] 
723.0503962039948
[station 59] [Epoch 32199/35000] [loss_mse: 0.010520] 
725.3933227062225
[station 59] [Epoch 32299/35000] [loss_mse: 0.010598] 
727.5637226104736
[station 59] [Epoch 32399/35000] [loss_mse: 0.010833] 
729.7614443302155
[station 59] [Epoch 32499/35000] [loss_mse: 0.010963] 
731.8367342948914
[station 59] [Epoch 32599/35000] [loss_mse: 0.010677] 
734.0920932292938
[station 59] [Epoch 32699/35000] [loss_mse: 0.010587] 
736.3093616962433
[station 59] [Epoch 32799/35000] [loss_mse: 0.010996] 
738.7412045001984
[station 59] [Epoch 32899/35000] [loss_mse: 0.010847] 
740.9254477024078
[station 59] [Epoch 32999/35000] [loss_mse: 0.010565] 
743.1738004684448
[station 59] [Epoch 33099/35000] [loss_mse: 0.010620] 
745.534373998642
[station 59] [Epoch 33199/35000] [loss_mse: 0.010668] 
747.9393117427826
[station 59] [Epoch 33299/35000] [loss_mse: 0.010927] 
750.2390129566193
[station 59] [Epoch 33399/35000] [loss_mse: 0.010884] 
