======================================================================
联邦模式：加载3个场站数据（58/59/60）
======================================================================
  加载 58wf_4_train.mat...
  加载 59wf_4_train.mat...
  加载 60wf_4_train.mat...

======================================================================
准备所有场站的完整数据（元训练+极端天气+测试集）
======================================================================

准备联邦客户端数据（常规天气）...
  处理场站 58...
    shape: (1, 16550, 5) → (1, 16550, 1)
  处理场站 59...
    shape: (1, 16732, 5) → (1, 16732, 1)
  处理场站 60...
    shape: (1, 16693, 5) → (1, 16693, 1)
  总数据量: 49975 样本

准备所有场站的元训练和测试数据（3场站一视同仁）...

  场站 58:
    测试集2023: (730, 12, 1)
    聚类类别: 10类
    极端天气: 4类

  场站 59:
    测试集2023: (730, 12, 1)
    聚类类别: 10类
    极端天气: 4类

  场站 60:
    测试集2023: (730, 12, 1)
    聚类类别: 10类
    极端天气: 4类

✓ 所有场站数据准备完成！
#########################################################################——————————本地预训练（Local Pre-train）——————————############################################################
场站数量: 3, 场站: 58, 59, 60

======================================================================
开始本地预训练: station 58
======================================================================
2.0144407749176025
[station 58] [Epoch 99/5000] [loss_mse: 0.105728] 
4.062097787857056
[station 58] [Epoch 199/5000] [loss_mse: 0.055674] 
6.058322191238403
[station 58] [Epoch 299/5000] [loss_mse: 0.048400] 
8.318339824676514
[station 58] [Epoch 399/5000] [loss_mse: 0.043700] 
