
libgomp: Invalid value for environment variable OMP_NUM_THREADS
======================================================================
联邦模式：加载3个场站数据（58/59/60）
======================================================================
  加载 58wf_4_train.mat...
  加载 59wf_4_train.mat...
  加载 60wf_4_train.mat...

======================================================================
准备所有场站的完整数据（元训练+极端天气+测试集）
======================================================================

准备联邦客户端数据（常规天气）...
  处理场站 58...
    shape: (1, 16550, 5) → (1, 16550, 1)
  处理场站 59...
    shape: (1, 16732, 5) → (1, 16732, 1)
  处理场站 60...
    shape: (1, 16693, 5) → (1, 16693, 1)
  总数据量: 49975 样本

准备所有场站的元训练和测试数据（3场站一视同仁）...

  场站 58:
    测试集2023: (730, 12, 1)
    聚类类别: 10类
    极端天气: 4类

  场站 59:
    测试集2023: (730, 12, 1)
    聚类类别: 10类
    极端天气: 4类

  场站 60:
    测试集2023: (730, 12, 1)
    聚类类别: 10类
    极端天气: 4类

✓ 所有场站数据准备完成！
#########################################################################——————————本地预训练（Local Pre-train）——————————############################################################
场站数量: 3, 场站: 58, 59, 60

======================================================================
开始本地预训练: station 58
======================================================================
2.520695686340332
[station 58] [Epoch 99/35000] [loss_mse: 0.105796] 
5.090766906738281
[station 58] [Epoch 199/35000] [loss_mse: 0.055480] 
7.423237562179565
[station 58] [Epoch 299/35000] [loss_mse: 0.048415] 
9.675886154174805
[station 58] [Epoch 399/35000] [loss_mse: 0.043781] 
12.321440696716309
[station 58] [Epoch 499/35000] [loss_mse: 0.042306] 
14.575775146484375
[station 58] [Epoch 599/35000] [loss_mse: 0.040565] 
16.75933599472046
[station 58] [Epoch 699/35000] [loss_mse: 0.039614] 
18.9357693195343
[station 58] [Epoch 799/35000] [loss_mse: 0.039630] 
21.109845638275146
[station 58] [Epoch 899/35000] [loss_mse: 0.038166] 
23.287129878997803
[station 58] [Epoch 999/35000] [loss_mse: 0.038067] 
25.47491192817688
[station 58] [Epoch 1099/35000] [loss_mse: 0.037301] 
27.88906502723694
[station 58] [Epoch 1199/35000] [loss_mse: 0.036941] 
30.192298889160156
[station 58] [Epoch 1299/35000] [loss_mse: 0.036440] 
32.574866771698
[station 58] [Epoch 1399/35000] [loss_mse: 0.036020] 
35.04851031303406
[station 58] [Epoch 1499/35000] [loss_mse: 0.035829] 
37.49522519111633
[station 58] [Epoch 1599/35000] [loss_mse: 0.035205] 
40.005911350250244
[station 58] [Epoch 1699/35000] [loss_mse: 0.034429] 
42.65250515937805
[station 58] [Epoch 1799/35000] [loss_mse: 0.033725] 
45.18285155296326
[station 58] [Epoch 1899/35000] [loss_mse: 0.033243] 
47.755937814712524
[station 58] [Epoch 1999/35000] [loss_mse: 0.032638] 
50.17499232292175
[station 58] [Epoch 2099/35000] [loss_mse: 0.032491] 
52.61524677276611
[station 58] [Epoch 2199/35000] [loss_mse: 0.031603] 
55.10447382926941
[station 58] [Epoch 2299/35000] [loss_mse: 0.030946] 
57.60245370864868
[station 58] [Epoch 2399/35000] [loss_mse: 0.030239] 
60.117337465286255
[station 58] [Epoch 2499/35000] [loss_mse: 0.029767] 
62.62337040901184
[station 58] [Epoch 2599/35000] [loss_mse: 0.028735] 
65.13930225372314
[station 58] [Epoch 2699/35000] [loss_mse: 0.028623] 
67.65152621269226
[station 58] [Epoch 2799/35000] [loss_mse: 0.027159] 
70.18473887443542
[station 58] [Epoch 2899/35000] [loss_mse: 0.026359] 
72.80143117904663
[station 58] [Epoch 2999/35000] [loss_mse: 0.026919] 
75.38091444969177
[station 58] [Epoch 3099/35000] [loss_mse: 0.025193] 
77.91006398200989
[station 58] [Epoch 3199/35000] [loss_mse: 0.024124] 
80.57034921646118
[station 58] [Epoch 3299/35000] [loss_mse: 0.024828] 
83.08298444747925
[station 58] [Epoch 3399/35000] [loss_mse: 0.023845] 
85.64288878440857
[station 58] [Epoch 3499/35000] [loss_mse: 0.023669] 
88.0645523071289
[station 58] [Epoch 3599/35000] [loss_mse: 0.023075] 
90.5035810470581
[station 58] [Epoch 3699/35000] [loss_mse: 0.022827] 
92.75918436050415
[station 58] [Epoch 3799/35000] [loss_mse: 0.022876] 
94.96630716323853
[station 58] [Epoch 3899/35000] [loss_mse: 0.021744] 
97.16441369056702
[station 58] [Epoch 3999/35000] [loss_mse: 0.022235] 
99.18802380561829
[station 58] [Epoch 4099/35000] [loss_mse: 0.021564] 
101.0001928806305
[station 58] [Epoch 4199/35000] [loss_mse: 0.021313] 
102.8510799407959
[station 58] [Epoch 4299/35000] [loss_mse: 0.021145] 
105.00904273986816
[station 58] [Epoch 4399/35000] [loss_mse: 0.020930] 
107.39896035194397
[station 58] [Epoch 4499/35000] [loss_mse: 0.020215] 
110.01022362709045
[station 58] [Epoch 4599/35000] [loss_mse: 0.020345] 
112.64207625389099
[station 58] [Epoch 4699/35000] [loss_mse: 0.020075] 
115.27678322792053
[station 58] [Epoch 4799/35000] [loss_mse: 0.019639] 
117.63174414634705
[station 58] [Epoch 4899/35000] [loss_mse: 0.019720] 
120.11118125915527
[station 58] [Epoch 4999/35000] [loss_mse: 0.019289] 
122.6881251335144
[station 58] [Epoch 5099/35000] [loss_mse: 0.019247] 
125.26313018798828
[station 58] [Epoch 5199/35000] [loss_mse: 0.019166] 
127.82162666320801
[station 58] [Epoch 5299/35000] [loss_mse: 0.019119] 
130.1978476047516
[station 58] [Epoch 5399/35000] [loss_mse: 0.018817] 
132.72545623779297
[station 58] [Epoch 5499/35000] [loss_mse: 0.018465] 
135.09519696235657
[station 58] [Epoch 5599/35000] [loss_mse: 0.018330] 
137.7264051437378
[station 58] [Epoch 5699/35000] [loss_mse: 0.018117] 
140.24580669403076
[station 58] [Epoch 5799/35000] [loss_mse: 0.018230] 
142.58305716514587
[station 58] [Epoch 5899/35000] [loss_mse: 0.018103] 
145.11354184150696
[station 58] [Epoch 5999/35000] [loss_mse: 0.017816] 
147.7524893283844
[station 58] [Epoch 6099/35000] [loss_mse: 0.017731] 
150.3169982433319
[station 58] [Epoch 6199/35000] [loss_mse: 0.017362] 
152.87646484375
[station 58] [Epoch 6299/35000] [loss_mse: 0.017434] 
155.4160406589508
[station 58] [Epoch 6399/35000] [loss_mse: 0.017192] 
157.94273376464844
[station 58] [Epoch 6499/35000] [loss_mse: 0.017329] 
160.47525572776794
[station 58] [Epoch 6599/35000] [loss_mse: 0.016982] 
163.01116967201233
[station 58] [Epoch 6699/35000] [loss_mse: 0.017008] 
165.5467882156372
[station 58] [Epoch 6799/35000] [loss_mse: 0.016633] 
168.10415482521057
[station 58] [Epoch 6899/35000] [loss_mse: 0.016364] 
170.62271356582642
[station 58] [Epoch 6999/35000] [loss_mse: 0.016908] 
173.19392848014832
[station 58] [Epoch 7099/35000] [loss_mse: 0.016673] 
175.66207838058472
[station 58] [Epoch 7199/35000] [loss_mse: 0.016284] 
177.93773794174194
[station 58] [Epoch 7299/35000] [loss_mse: 0.016139] 
180.1945321559906
[station 58] [Epoch 7399/35000] [loss_mse: 0.015977] 
182.40789532661438
[station 58] [Epoch 7499/35000] [loss_mse: 0.015922] 
184.72869110107422
[station 58] [Epoch 7599/35000] [loss_mse: 0.015732] 
187.2563247680664
[station 58] [Epoch 7699/35000] [loss_mse: 0.015539] 
189.6772084236145
[station 58] [Epoch 7799/35000] [loss_mse: 0.015472] 
191.95098876953125
[station 58] [Epoch 7899/35000] [loss_mse: 0.015752] 
194.31727862358093
[station 58] [Epoch 7999/35000] [loss_mse: 0.015437] 
196.85562300682068
[station 58] [Epoch 8099/35000] [loss_mse: 0.015152] 
199.40219831466675
[station 58] [Epoch 8199/35000] [loss_mse: 0.015307] 
201.91965508460999
[station 58] [Epoch 8299/35000] [loss_mse: 0.015428] 
204.38111662864685
[station 58] [Epoch 8399/35000] [loss_mse: 0.015084] 
206.9063069820404
[station 58] [Epoch 8499/35000] [loss_mse: 0.014656] 
209.4839072227478
[station 58] [Epoch 8599/35000] [loss_mse: 0.014710] 
212.03154253959656
[station 58] [Epoch 8699/35000] [loss_mse: 0.014717] 
214.55869793891907
[station 58] [Epoch 8799/35000] [loss_mse: 0.014496] 
217.0667610168457
[station 58] [Epoch 8899/35000] [loss_mse: 0.014476] 
219.6006510257721
[station 58] [Epoch 8999/35000] [loss_mse: 0.014569] 
222.1148374080658
[station 58] [Epoch 9099/35000] [loss_mse: 0.014850] 
